Component: ARM Compiler 5.06 update 5 (build 528) Tool: armlink [4d35e2]

==============================================================================

Section Cross References

    startup_stm32f10x_md.o(RESET) refers to startup_stm32f10x_md.o(STACK) for __initial_sp
    startup_stm32f10x_md.o(RESET) refers to startup_stm32f10x_md.o(.text) for Reset_Handler
    startup_stm32f10x_md.o(RESET) refers to stm32f10x_it.o(i.NMI_Handler) for NMI_Handler
    startup_stm32f10x_md.o(RESET) refers to stm32f10x_it.o(i.HardFault_Handler) for HardFault_Handler
    startup_stm32f10x_md.o(RESET) refers to stm32f10x_it.o(i.MemManage_Handler) for MemManage_Handler
    startup_stm32f10x_md.o(RESET) refers to stm32f10x_it.o(i.BusFault_Handler) for BusFault_Handler
    startup_stm32f10x_md.o(RESET) refers to stm32f10x_it.o(i.UsageFault_Handler) for UsageFault_Handler
    startup_stm32f10x_md.o(RESET) refers to stm32f10x_it.o(i.SVC_Handler) for SVC_Handler
    startup_stm32f10x_md.o(RESET) refers to stm32f10x_it.o(i.DebugMon_Handler) for DebugMon_Handler
    startup_stm32f10x_md.o(RESET) refers to stm32f10x_it.o(i.PendSV_Handler) for PendSV_Handler
    startup_stm32f10x_md.o(RESET) refers to stm32f10x_it.o(i.SysTick_Handler) for SysTick_Handler
    startup_stm32f10x_md.o(RESET) refers to timer.o(i.TIM2_IRQHandler) for TIM2_IRQHandler
    startup_stm32f10x_md.o(RESET) refers to usart1.o(i.USART1_IRQHandler) for USART1_IRQHandler
    startup_stm32f10x_md.o(RESET) refers to usart2.o(i.USART2_IRQHandler) for USART2_IRQHandler
    startup_stm32f10x_md.o(RESET) refers to usart3.o(i.USART3_IRQHandler) for USART3_IRQHandler
    startup_stm32f10x_md.o(.text) refers to system_stm32f10x.o(i.SystemInit) for SystemInit
    startup_stm32f10x_md.o(.text) refers to entry.o(.ARM.Collect$$$$00000000) for __main
    system_stm32f10x.o(i.SetSysClock) refers to system_stm32f10x.o(i.SetSysClockTo72) for SetSysClockTo72
    system_stm32f10x.o(i.SystemCoreClockUpdate) refers to system_stm32f10x.o(.data) for SystemCoreClock
    system_stm32f10x.o(i.SystemInit) refers to system_stm32f10x.o(i.SetSysClock) for SetSysClock
    stm32f10x_adc.o(i.ADC_DeInit) refers to stm32f10x_rcc.o(i.RCC_APB2PeriphResetCmd) for RCC_APB2PeriphResetCmd
    stm32f10x_bkp.o(i.BKP_DeInit) refers to stm32f10x_rcc.o(i.RCC_BackupResetCmd) for RCC_BackupResetCmd
    stm32f10x_can.o(i.CAN_DeInit) refers to stm32f10x_rcc.o(i.RCC_APB1PeriphResetCmd) for RCC_APB1PeriphResetCmd
    stm32f10x_can.o(i.CAN_GetITStatus) refers to stm32f10x_can.o(i.CheckITStatus) for CheckITStatus
    stm32f10x_cec.o(i.CEC_DeInit) refers to stm32f10x_rcc.o(i.RCC_APB1PeriphResetCmd) for RCC_APB1PeriphResetCmd
    stm32f10x_dac.o(i.DAC_DeInit) refers to stm32f10x_rcc.o(i.RCC_APB1PeriphResetCmd) for RCC_APB1PeriphResetCmd
    stm32f10x_flash.o(i.FLASH_EnableWriteProtection) refers to stm32f10x_flash.o(i.FLASH_WaitForLastOperation) for FLASH_WaitForLastOperation
    stm32f10x_flash.o(i.FLASH_EraseAllBank1Pages) refers to stm32f10x_flash.o(i.FLASH_WaitForLastBank1Operation) for FLASH_WaitForLastBank1Operation
    stm32f10x_flash.o(i.FLASH_EraseAllPages) refers to stm32f10x_flash.o(i.FLASH_WaitForLastOperation) for FLASH_WaitForLastOperation
    stm32f10x_flash.o(i.FLASH_EraseOptionBytes) refers to stm32f10x_flash.o(i.FLASH_GetReadOutProtectionStatus) for FLASH_GetReadOutProtectionStatus
    stm32f10x_flash.o(i.FLASH_EraseOptionBytes) refers to stm32f10x_flash.o(i.FLASH_WaitForLastOperation) for FLASH_WaitForLastOperation
    stm32f10x_flash.o(i.FLASH_ErasePage) refers to stm32f10x_flash.o(i.FLASH_WaitForLastOperation) for FLASH_WaitForLastOperation
    stm32f10x_flash.o(i.FLASH_ProgramHalfWord) refers to stm32f10x_flash.o(i.FLASH_WaitForLastOperation) for FLASH_WaitForLastOperation
    stm32f10x_flash.o(i.FLASH_ProgramOptionByteData) refers to stm32f10x_flash.o(i.FLASH_WaitForLastOperation) for FLASH_WaitForLastOperation
    stm32f10x_flash.o(i.FLASH_ProgramWord) refers to stm32f10x_flash.o(i.FLASH_WaitForLastOperation) for FLASH_WaitForLastOperation
    stm32f10x_flash.o(i.FLASH_ReadOutProtection) refers to stm32f10x_flash.o(i.FLASH_WaitForLastOperation) for FLASH_WaitForLastOperation
    stm32f10x_flash.o(i.FLASH_UserOptionByteConfig) refers to stm32f10x_flash.o(i.FLASH_WaitForLastOperation) for FLASH_WaitForLastOperation
    stm32f10x_flash.o(i.FLASH_WaitForLastBank1Operation) refers to stm32f10x_flash.o(i.FLASH_GetBank1Status) for FLASH_GetBank1Status
    stm32f10x_flash.o(i.FLASH_WaitForLastOperation) refers to stm32f10x_flash.o(i.FLASH_GetBank1Status) for FLASH_GetBank1Status
    stm32f10x_gpio.o(i.GPIO_AFIODeInit) refers to stm32f10x_rcc.o(i.RCC_APB2PeriphResetCmd) for RCC_APB2PeriphResetCmd
    stm32f10x_gpio.o(i.GPIO_DeInit) refers to stm32f10x_rcc.o(i.RCC_APB2PeriphResetCmd) for RCC_APB2PeriphResetCmd
    stm32f10x_i2c.o(i.I2C_DeInit) refers to stm32f10x_rcc.o(i.RCC_APB1PeriphResetCmd) for RCC_APB1PeriphResetCmd
[...]
    ../mathlib/atan.c                        0x00000000   Number         0  atan.o ABSOLUTE
    ../mathlib/atan.c                        0x00000000   Number         0  atan_x.o ABSOLUTE
    ../mathlib/atan2.c                       0x00000000   Number         0  atan2.o ABSOLUTE
    ../mathlib/atan2.c                       0x00000000   Number         0  atan2_x.o ABSOLUTE
    ../mathlib/dunder.c                      0x00000000   Number         0  dunder.o ABSOLUTE
    ../mathlib/fpclassify.c                  0x00000000   Number         0  fpclassify.o ABSOLUTE
    ../mathlib/poly.c                        0x00000000   Number         0  poly.o ABSOLUTE
    ../mathlib/qnan.c                        0x00000000   Number         0  qnan.o ABSOLUTE
    ../mathlib/round.c                       0x00000000   Number         0  round.o ABSOLUTE
    Hardware\Hongwai.c                       0x00000000   Number         0  hongwai.o ABSOLUTE
    Hardware\LED.c                           0x00000000   Number         0  led.o ABSOLUTE
    Hardware\Movement.c                      0x00000000   Number         0  movement.o ABSOLUTE
    Hardware\OLED.c                          0x00000000   Number         0  oled.o ABSOLUTE
    Hardware\OLED_Data.c                     0x00000000   Number         0  oled_data.o ABSOLUTE
    Hardware\PWM.c                           0x00000000   Number         0  pwm.o ABSOLUTE
    Hardware\Servo.c                         0x00000000   Number         0  servo.o ABSOLUTE
    Hardware\Timer.c                         0x00000000   Number         0  timer.o ABSOLUTE
    Hardware\UltrasonicWave.c                0x00000000   Number         0  ultrasonicwave.o ABSOLUTE
    Hardware\syn6288.c                       0x00000000   Number         0  syn6288.o ABSOLUTE
    Library\misc.c                           0x00000000   Number         0  misc.o ABSOLUTE
    Library\stm32f10x_adc.c                  0x00000000   Number         0  stm32f10x_adc.o ABSOLUTE
    Library\stm32f10x_bkp.c                  0x00000000   Number         0  stm32f10x_bkp.o ABSOLUTE
    Library\stm32f10x_can.c                  0x00000000   Number         0  stm32f10x_can.o ABSOLUTE
    Library\stm32f10x_cec.c                  0x00000000   Number         0  stm32f10x_cec.o ABSOLUTE
    Library\stm32f10x_crc.c                  0x00000000   Number         0  stm32f10x_crc.o ABSOLUTE
    Library\stm32f10x_dac.c                  0x00000000   Number         0  stm32f10x_dac.o ABSOLUTE
    Library\stm32f10x_dbgmcu.c               0x00000000   Number         0  stm32f10x_dbgmcu.o ABSOLUTE
    Library\stm32f10x_dma.c                  0x00000000   Number         0  stm32f10x_dma.o ABSOLUTE
    Library\stm32f10x_exti.c                 0x00000000   Number         0  stm32f10x_exti.o ABSOLUTE
    Library\stm32f10x_flash.c                0x00000000   Number         0  stm32f10x_flash.o ABSOLUTE
    Library\stm32f10x_fsmc.c                 0x00000000   Number         0  stm32f10x_fsmc.o ABSOLUTE
    Library\stm32f10x_gpio.c                 0x00000000   Number         0  stm32f10x_gpio.o ABSOLUTE
    Library\stm32f10x_i2c.c                  0x00000000   Number         0  stm32f10x_i2c.o ABSOLUTE
    Library\stm32f10x_iwdg.c                 0x00000000   Number         0  stm32f10x_iwdg.o ABSOLUTE
    Library\stm32f10x_pwr.c                  0x00000000   Number         0  stm32f10x_pwr.o ABSOLUTE
    Library\stm32f10x_rcc.c                  0x00000000   Number         0  stm32f10x_rcc.o ABSOLUTE
    Library\stm32f10x_rtc.c                  0x00000000   Number         0  stm32f10x_rtc.o ABSOLUTE
    Library\stm32f10x_sdio.c                 0x00000000   Number         0  stm32f10x_sdio.o ABSOLUTE
    Library\stm32f10x_spi.c                  0x00000000   Number         0  stm32f10x_spi.o ABSOLUTE
    Library\stm32f10x_tim.c                  0x00000000   Number         0  stm32f10x_tim.o ABSOLUTE
    Library\stm32f10x_usart.c                0x00000000   Number         0  stm32f10x_usart.o ABSOLUTE
    Library\stm32f10x_wwdg.c                 0x00000000   Number         0  stm32f10x_wwdg.o ABSOLUTE
    Start\\core_cm3.c                        0x00000000   Number         0  core_cm3.o ABSOLUTE
    Start\core_cm3.c                         0x00000000   Number         0  core_cm3.o ABSOLUTE
    Start\startup_stm32f10x_md.s             0x00000000   Number         0  startup_stm32f10x_md.o ABSOLUTE
    Start\system_stm32f10x.c                 0x00000000   Number         0  system_stm32f10x.o ABSOLUTE
    System\Delay.c                           0x00000000   Number         0  delay.o ABSOLUTE
    System\usart1.c                          0x00000000   Number         0  usart1.o ABSOLUTE
    System\usart2.c                          0x00000000   Number         0  usart2.o ABSOLUTE
    System\usart3.c                          0x00000000   Number         0  usart3.o ABSOLUTE
    User\Mode.c                              0x00000000   Number         0  mode.o ABSOLUTE
    User\main.c                              0x00000000   Number         0  main.o ABSOLUTE
    User\stm32f10x_it.c                      0x00000000   Number         0  stm32f10x_it.o ABSOLUTE
    cdcmple.s                                0x00000000   Number         0  cdcmple.o ABSOLUTE
    cdrcmple.s                               0x00000000   Number         0  cdrcmple.o ABSOLUTE
    cfcmple.s                                0x00000000   Number         0  cfcmple.o ABSOLUTE
    dc.s                                     0x00000000   Number         0  dc.o ABSOLUTE
    handlers.s                               0x00000000   Number         0  handlers.o ABSOLUTE
    init.s                                   0x00000000   Number         0  init.o ABSOLUTE
    RESET                                    0x08000000   Section      236  startup_stm32f10x_md.o(RESET)
    .ARM.Collect$$$$00000000                 0x080000ec   Section        0  entry.o(.ARM.Collect$$$$00000000)
    .ARM.Collect$$$$00000001                 0x080000ec   Section        4  entry2.o(.ARM.Collect$$$$00000001)
    .ARM.Collect$$$$00000004                 0x080000f0   Section        4  entry5.o(.ARM.Collect$$$$00000004)
    .ARM.Collect$$$$00000008                 0x080000f4   Section        0  entry7b.o(.ARM.Collect$$$$00000008)
    .ARM.Collect$$$$0000000A                 0x080000f4   Section        0  entry8b.o(.ARM.Collect$$$$0000000A)
    .ARM.Collect$$$$0000000B                 0x080000f4   Section        8  entry9a.o(.ARM.Collect$$$$0000000B)
    .ARM.Collect$$$$0000000D                 0x080000fc   Section        0  entry10a.o(.ARM.Collect$$$$0000000D)
    .ARM.Collect$$$$0000000F                 0x080000fc   Section        0  entry11a.o(.ARM.Collect$$$$0000000F)
    .ARM.Collect$$$$00002712                 0x080000fc   Section        4  entry2.o(.ARM.Collect$$$$00002712)
    __lit__00000000                          0x080000fc   Data           4  entry2.o(.ARM.Collect$$$$00002712)
    .text                                    0x08000100   Section       36  startup_stm32f10x_md.o(.text)
    .text                                    0x08000124   Section        0  rand.o(.text)
    .text                                    0x08000148   Section        0  memcpya.o(.text)
    .text                                    0x0800016c   Section        0  strlen.o(.text)
    .text                                    0x0800017a   Section        0  strcmp.o(.text)
    .text                                    0x08000196   Section        0  fadd.o(.text)
    .text                                    0x08000246   Section        0  fmul.o(.text)
    .text                                    0x080002aa   Section        0  fdiv.o(.text)
    .text                                    0x08000326   Section        0  dadd.o(.text)
    .text                                    0x08000474   Section        0  dmul.o(.text)
    .text                                    0x08000558   Section        0  ddiv.o(.text)
    .text                                    0x08000636   Section        0  fflti.o(.text)
    .text                                    0x08000648   Section        0  ffltui.o(.text)
    .text                                    0x08000652   Section        0  dfltui.o(.text)
    .text                                    0x0800066c   Section        0  ffixui.o(.text)
    .text                                    0x08000694   Section        0  dfixui.o(.text)
    .text                                    0x080006c8   Section       48  cdrcmple.o(.text)
    .text                                    0x080006f8   Section        0  uidiv.o(.text)
    .text                                    0x08000724   Section        0  uldiv.o(.text)
    .text                                    0x08000786   Section        0  llshl.o(.text)
    .text                                    0x080007a4   Section        0  llushr.o(.text)
    .text                                    0x080007c4   Section        0  llsshr.o(.text)
    .text                                    0x080007e8   Section        0  fepilogue.o(.text)
    .text                                    0x080007e8   Section        0  iusefp.o(.text)
    .text                                    0x08000856   Section        0  depilogue.o(.text)
    .text                                    0x08000910   Section        0  dfixul.o(.text)
    .text                                    0x08000940   Section       36  init.o(.text)
    i.Bizhang                                0x08000964   Section        0  ultrasonicwave.o(i.Bizhang)
    i.BusFault_Handler                       0x080009d0   Section        0  stm32f10x_it.o(i.BusFault_Handler)
    i.DebugMon_Handler                       0x080009d4   Section        0  stm32f10x_it.o(i.DebugMon_Handler)
    i.Delay_ms                               0x080009d6   Section        0  delay.o(i.Delay_ms)
    i.Delay_s                                0x080009ee   Section        0  delay.o(i.Delay_s)
    i.Delay_us                               0x08000a06   Section        0  delay.o(i.Delay_us)
    i.Edge_detect                            0x08000a34   Section        0  hongwai.o(i.Edge_detect)
    i.GPIO_Init                              0x08000ac8   Section        0  stm32f10x_gpio.o(i.GPIO_Init)
    i.GPIO_ReadInputDataBit                  0x08000bde   Section        0  stm32f10x_gpio.o(i.GPIO_ReadInputDataBit)
    i.GPIO_ReadOutputDataBit                 0x08000bf0   Section        0  stm32f10x_gpio.o(i.GPIO_ReadOutputDataBit)
    i.GPIO_ResetBits                         0x08000c02   Section        0  stm32f10x_gpio.o(i.GPIO_ResetBits)
    i.GPIO_SetBits                           0x08000c06   Section        0  stm32f10x_gpio.o(i.GPIO_SetBits)
    i.GPIO_WriteBit                          0x08000c0a   Section        0  stm32f10x_gpio.o(i.GPIO_WriteBit)
    i.HardFault_Handler                      0x08000c14   Section        0  stm32f10x_it.o(i.HardFault_Handler)
    i.LED13_Turn                             0x08000c18   Section        0  led.o(i.LED13_Turn)
    i.LED_Init                               0x08000c44   Section        0  led.o(i.LED_Init)
    i.MemManage_Handler                      0x08000c78   Section        0  stm32f10x_it.o(i.MemManage_Handler)
    i.NMI_Handler                            0x08000c7c   Section        0  stm32f10x_it.o(i.NMI_Handler)
    i.NVIC_Init                              0x08000c80   Section        0  misc.o(i.NVIC_Init)
    i.NVIC_PriorityGroupConfig               0x08000cf0   Section        0  misc.o(i.NVIC_PriorityGroupConfig)
    i.OLED_Clear                             0x08000d04   Section        0  oled.o(i.OLED_Clear)
    i.OLED_ClearArea                         0x08000d2c   Section        0  oled.o(i.OLED_ClearArea)
    i.OLED_GPIO_Init                         0x08000dd4   Section        0  oled.o(i.OLED_GPIO_Init)
    i.OLED_I2C_SendByte                      0x08000e34   Section        0  oled.o(i.OLED_I2C_SendByte)
    i.OLED_I2C_Start                         0x08000e72   Section        0  oled.o(i.OLED_I2C_Start)
    i.OLED_I2C_Stop                          0x08000e8e   Section        0  oled.o(i.OLED_I2C_Stop)
    i.OLED_Init                              0x08000ea4   Section        0  oled.o(i.OLED_Init)
    i.OLED_Pow                               0x08000f3e   Section        0  oled.o(i.OLED_Pow)
    i.OLED_SetCursor                         0x08000f52   Section        0  oled.o(i.OLED_SetCursor)
    i.OLED_ShowChar                          0x08000f78   Section        0  oled.o(i.OLED_ShowChar)
    i.OLED_ShowChinese                       0x08000fcc   Section        0  oled.o(i.OLED_ShowChinese)
    i.OLED_ShowImage                         0x08001068   Section        0  oled.o(i.OLED_ShowImage)
    i.OLED_ShowNum                           0x08001198   Section        0  oled.o(i.OLED_ShowNum)
    i.OLED_Update                            0x080011e4   Section        0  oled.o(i.OLED_Update)
    i.OLED_UpdateArea                        0x0800120c   Section        0  oled.o(i.OLED_UpdateArea)
    i.OLED_W_SCL                             0x08001288   Section        0  oled.o(i.OLED_W_SCL)
    i.OLED_W_SDA                             0x080012a0   Section        0  oled.o(i.OLED_W_SDA)
    i.OLED_WriteCommand                      0x080012b8   Section        0  oled.o(i.OLED_WriteCommand)
    i.OLED_WriteData                         0x080012d8   Section        0  oled.o(i.OLED_WriteData)
    i.OLED_happiness                         0x08001308   Section        0  mode.o(i.OLED_happiness)
    i.OLED_stamina                           0x08001360   Section        0  mode.o(i.OLED_stamina)
    i.PWM_Init                               0x080013b8   Section        0  pwm.o(i.PWM_Init)
    i.PWM_SetCompare1                        0x08001480   Section        0  pwm.o(i.PWM_SetCompare1)
    i.PWM_SetCompare2                        0x08001494   Section        0  pwm.o(i.PWM_SetCompare2)
    i.PWM_SetCompare3                        0x080014a8   Section        0  pwm.o(i.PWM_SetCompare3)
    i.PWM_SetCompare4                        0x080014bc   Section        0  pwm.o(i.PWM_SetCompare4)
    i.PendSV_Handler                         0x080014d0   Section        0  stm32f10x_it.o(i.PendSV_Handler)
    i.RCC_APB1PeriphClockCmd                 0x080014d4   Section        0  stm32f10x_rcc.o(i.RCC_APB1PeriphClockCmd)
    i.RCC_APB2PeriphClockCmd                 0x080014f4   Section        0  stm32f10x_rcc.o(i.RCC_APB2PeriphClockCmd)
    i.RCC_GetClocksFreq                      0x08001514   Section        0  stm32f10x_rcc.o(i.RCC_GetClocksFreq)
    i.SVC_Handler                            0x080015e8   Section        0  stm32f10x_it.o(i.SVC_Handler)
    i.SYN_FrameInfo                          0x080015ea   Section        0  syn6288.o(i.SYN_FrameInfo)
    i.Servo_GetAngle1                        0x08001664   Section        0  servo.o(i.Servo_GetAngle1)
    i.Servo_GetAngle2                        0x08001684   Section        0  servo.o(i.Servo_GetAngle2)
    i.Servo_GetAngle3                        0x080016a4   Section        0  servo.o(i.Servo_GetAngle3)
    i.Servo_GetAngle4                        0x080016c4   Section        0  servo.o(i.Servo_GetAngle4)
    i.Servo_Init                             0x080016e4   Section        0  servo.o(i.Servo_Init)
    i.Servo_SetAngle1                        0x080016ec   Section        0  servo.o(i.Servo_SetAngle1)
    i.Servo_SetAngle2                        0x08001728   Section        0  servo.o(i.Servo_SetAngle2)
    i.Servo_SetAngle3                        0x08001764   Section        0  servo.o(i.Servo_SetAngle3)
    i.Servo_SetAngle4                        0x080017a0   Section        0  servo.o(i.Servo_SetAngle4)
    i.SetSysClock                            0x080017dc   Section        0  system_stm32f10x.o(i.SetSysClock)
    SetSysClock                              0x080017dd   Thumb Code     8  system_stm32f10x.o(i.SetSysClock)
    i.SetSysClockTo72                        0x080017e4   Section        0  system_stm32f10x.o(i.SetSysClockTo72)
    SetSysClockTo72                          0x080017e5   Thumb Code   214  system_stm32f10x.o(i.SetSysClockTo72)
    i.SysTick_Handler                        0x080018c4   Section        0  stm32f10x_it.o(i.SysTick_Handler)
    i.SystemInit                             0x080018c8   Section        0  system_stm32f10x.o(i.SystemInit)
    i.TIM2_IRQHandler                        0x08001928   Section        0  timer.o(i.TIM2_IRQHandler)
    i.TIM_ClearFlag                          0x08001960   Section        0  stm32f10x_tim.o(i.TIM_ClearFlag)
    i.TIM_ClearITPendingBit                  0x08001966   Section        0  stm32f10x_tim.o(i.TIM_ClearITPendingBit)
    i.TIM_Cmd                                0x0800196c   Section        0  stm32f10x_tim.o(i.TIM_Cmd)
    i.TIM_GetCapture1                        0x08001984   Section        0  stm32f10x_tim.o(i.TIM_GetCapture1)
    i.TIM_GetCapture2                        0x0800198a   Section        0  stm32f10x_tim.o(i.TIM_GetCapture2)
    i.TIM_GetCapture3                        0x08001990   Section        0  stm32f10x_tim.o(i.TIM_GetCapture3)
    i.TIM_GetCapture4                        0x08001996   Section        0  stm32f10x_tim.o(i.TIM_GetCapture4)
    i.TIM_GetITStatus                        0x0800199e   Section        0  stm32f10x_tim.o(i.TIM_GetITStatus)
    i.TIM_ITConfig                           0x080019c0   Section        0  stm32f10x_tim.o(i.TIM_ITConfig)
    i.TIM_InternalClockConfig                0x080019d2   Section        0  stm32f10x_tim.o(i.TIM_InternalClockConfig)
    i.TIM_OC1Init                            0x080019e0   Section        0  stm32f10x_tim.o(i.TIM_OC1Init)
    i.TIM_OC2Init                            0x08001a78   Section        0  stm32f10x_tim.o(i.TIM_OC2Init)
    i.TIM_OC3Init                            0x08001b1c   Section        0  stm32f10x_tim.o(i.TIM_OC3Init)
    i.TIM_OC4Init                            0x08001bbc   Section        0  stm32f10x_tim.o(i.TIM_OC4Init)
    i.TIM_OCStructInit                       0x08001c38   Section        0  stm32f10x_tim.o(i.TIM_OCStructInit)
    i.TIM_SetCompare1                        0x08001c4c   Section        0  stm32f10x_tim.o(i.TIM_SetCompare1)
    i.TIM_SetCompare2                        0x08001c50   Section        0  stm32f10x_tim.o(i.TIM_SetCompare2)
    i.TIM_SetCompare3                        0x08001c54   Section        0  stm32f10x_tim.o(i.TIM_SetCompare3)
    i.TIM_SetCompare4                        0x08001c58   Section        0  stm32f10x_tim.o(i.TIM_SetCompare4)
    i.TIM_TimeBaseInit                       0x08001c60   Section        0  stm32f10x_tim.o(i.TIM_TimeBaseInit)
    i.Timer_Init                             0x08001d04   Section        0  timer.o(i.Timer_Init)
    i.USART1_GetRxData                       0x08001d88   Section        0  usart1.o(i.USART1_GetRxData)
    i.USART1_GetRxFlag                       0x08001d94   Section        0  usart1.o(i.USART1_GetRxFlag)
    i.USART1_IRQHandler                      0x08001db0   Section        0  usart1.o(i.USART1_IRQHandler)
    i.USART1_Init                            0x08001de8   Section        0  usart1.o(i.USART1_Init)
    i.USART2_IRQHandler                      0x08001e98   Section        0  usart2.o(i.USART2_IRQHandler)
    i.USART2_Init                            0x08001ed0   Section        0  usart2.o(i.USART2_Init)
    i.USART2_SendString                      0x08001f80   Section        0  usart2.o(i.USART2_SendString)
    i.USART3_GetRxData                       0x08001fac   Section        0  usart3.o(i.USART3_GetRxData)
    i.USART3_GetRxFlag                       0x08001fb8   Section        0  usart3.o(i.USART3_GetRxFlag)
    i.USART3_IRQHandler                      0x08001fd4   Section        0  usart3.o(i.USART3_IRQHandler)
    i.USART3_Init                            0x0800200c   Section        0  usart3.o(i.USART3_Init)
    i.USART_ClearITPendingBit                0x080020c0   Section        0  stm32f10x_usart.o(i.USART_ClearITPendingBit)
    i.USART_Cmd                              0x080020de   Section        0  stm32f10x_usart.o(i.USART_Cmd)
    i.USART_GetITStatus                      0x080020f6   Section        0  stm32f10x_usart.o(i.USART_GetITStatus)
    i.USART_ITConfig                         0x0800214a   Section        0  stm32f10x_usart.o(i.USART_ITConfig)
    i.USART_Init                             0x08002194   Section        0  stm32f10x_usart.o(i.USART_Init)
    i.USART_ReceiveData                      0x0800226c   Section        0  stm32f10x_usart.o(i.USART_ReceiveData)
    i.UltrasonicWave_Getvalue                0x08002278   Section        0  ultrasonicwave.o(i.UltrasonicWave_Getvalue)
    i.UltrasonicWave_Init                    0x080022cc   Section        0  ultrasonicwave.o(i.UltrasonicWave_Init)
    i.UltrasonicWave_Start                   0x08002318   Section        0  ultrasonicwave.o(i.UltrasonicWave_Start)
    i.UsageFault_Handler                     0x0800233c   Section        0  stm32f10x_it.o(i.UsageFault_Handler)
    i.__0sprintf                             0x08002340   Section        0  printfa.o(i.__0sprintf)
    i.__scatterload_copy                     0x08002368   Section       14  handlers.o(i.__scatterload_copy)
    i.__scatterload_null                     0x08002376   Section        2  handlers.o(i.__scatterload_null)
    i.__scatterload_zeroinit                 0x08002378   Section       14  handlers.o(i.__scatterload_zeroinit)
    i._fp_digits                             0x08002388   Section        0  printfa.o(i._fp_digits)
    _fp_digits                               0x08002389   Thumb Code   366  printfa.o(i._fp_digits)
    i._printf_core                           0x0800250c   Section        0  printfa.o(i._printf_core)
    _printf_core                             0x0800250d   Thumb Code  1744  printfa.o(i._printf_core)
    i._printf_post_padding                   0x08002be8   Section        0  printfa.o(i._printf_post_padding)
    _printf_post_padding                     0x08002be9   Thumb Code    36  printfa.o(i._printf_post_padding)
    i._printf_pre_padding                    0x08002c0c   Section        0  printfa.o(i._printf_pre_padding)
    _printf_pre_padding                      0x08002c0d   Thumb Code    46  printfa.o(i._printf_pre_padding)
    i._sputc                                 0x08002c3a   Section        0  printfa.o(i._sputc)
    _sputc                                   0x08002c3b   Thumb Code    10  printfa.o(i._sputc)
    i.hongwai_get_1                          0x08002c44   Section        0  hongwai.o(i.hongwai_get_1)
    i.hongwai_get_2                          0x08002c58   Section        0  hongwai.o(i.hongwai_get_2)
    i.hongwai_get_3                          0x08002c68   Section        0  hongwai.o(i.hongwai_get_3)
    i.hongwai_get_4                          0x08002c7c   Section        0  hongwai.o(i.hongwai_get_4)
    i.hongwai_init                           0x08002c8c   Section        0  hongwai.o(i.hongwai_init)
    i.lan_yao                                0x08002cdc   Section        0  movement.o(i.lan_yao)
    i.main                                   0x08002de8   Section        0  main.o(i.main)
    i.mode_behind                            0x0800313c   Section        0  mode.o(i.mode_behind)
    i.mode_biaobai                           0x080031b0   Section        0  mode.o(i.mode_biaobai)
    i.mode_dance                             0x08003334   Section        0  mode.o(i.mode_dance)
    i.mode_forward                           0x08003380   Section        0  mode.o(i.mode_forward)
    i.mode_happiness                         0x080033f4   Section        0  mode.o(i.mode_happiness)
    i.mode_headup                            0x080034cc   Section        0  mode.o(i.mode_headup)
    i.mode_hello                             0x0800352c   Section        0  mode.o(i.mode_hello)
    i.mode_index                             0x080036a4   Section        0  mode.o(i.mode_index)
    i.mode_lanyao                            0x0800379c   Section        0  mode.o(i.mode_lanyao)
    i.mode_left                              0x0800381c   Section        0  mode.o(i.mode_left)
    i.mode_nanshou                           0x08003890   Section        0  mode.o(i.mode_nanshou)
    i.mode_right                             0x080038c4   Section        0  mode.o(i.mode_right)
    i.mode_sleeppa                           0x08003938   Section        0  mode.o(i.mode_sleeppa)
    i.mode_sleepwo                           0x080039d8   Section        0  mode.o(i.mode_sleepwo)
    i.mode_slowstand                         0x08003a7c   Section        0  mode.o(i.mode_slowstand)
    i.mode_stamina                           0x08003ac4   Section        0  mode.o(i.mode_stamina)
    i.mode_stand                             0x08003b9c   Section        0  mode.o(i.mode_stand)
    i.mode_strech                            0x08003c04   Section        0  mode.o(i.mode_strech)
    i.mode_swing_qianhou                     0x08003c88   Section        0  mode.o(i.mode_swing_qianhou)
    i.mode_swing_zuoyou                      0x08003cd4   Section        0  mode.o(i.mode_swing_zuoyou)
    i.mode_twohands                          0x08003d20   Section        0  mode.o(i.mode_twohands)
    i.mode_world                             0x08003d78   Section        0  mode.o(i.mode_world)
    i.mode_xiaodai                           0x08003de0   Section        0  mode.o(i.mode_xiaodai)
    i.mode_xiaoxun                           0x08003e14   Section        0  mode.o(i.mode_xiaoxun)
    i.mode_yuansu                            0x08003f4c   Section        0  mode.o(i.mode_yuansu)
    i.move_behind                            0x080040b4   Section        0  movement.o(i.move_behind)
    i.move_dance                             0x08004168   Section        0  movement.o(i.move_dance)
    i.move_forward                           0x08004294   Section        0  movement.o(i.move_forward)
    i.move_head_up                           0x08004348   Section        0  movement.o(i.move_head_up)
    i.move_left                              0x080043d8   Section        0  movement.o(i.move_left)
    i.move_left_hw                           0x0800443c   Section        0  movement.o(i.move_left_hw)
    i.move_right                             0x08004498   Section        0  movement.o(i.move_right)
    i.move_right_hw                          0x080044fc   Section        0  movement.o(i.move_right_hw)
    i.move_shake_qianhou                     0x08004558   Section        0  movement.o(i.move_shake_qianhou)
    i.move_shake_zuoyou                      0x080045e0   Section        0  movement.o(i.move_shake_zuoyou)
    i.move_sleep_p                           0x08004694   Section        0  movement.o(i.move_sleep_p)
    i.move_sleep_w                           0x08004724   Section        0  movement.o(i.move_sleep_w)
    i.move_slow_stand                        0x080047b4   Section        0  movement.o(i.move_slow_stand)
    i.move_stand                             0x08004924   Section        0  movement.o(i.move_stand)
    i.move_stretch                           0x0800494c   Section        0  movement.o(i.move_stretch)
    i.move_two_hands                         0x08004a70   Section        0  movement.o(i.move_two_hands)
    .constdata                               0x08004ac8   Section    16100  oled_data.o(.constdata)
    .data                                    0x20000000   Section       20  stm32f10x_rcc.o(.data)
    APBAHBPrescTable                         0x20000000   Data          16  stm32f10x_rcc.o(.data)
    ADCPrescTable                            0x20000010   Data           4  stm32f10x_rcc.o(.data)
    .data                                    0x20000014   Section        2  usart1.o(.data)
    .data                                    0x20000016   Section        2  usart2.o(.data)
    .data                                    0x20000018   Section        2  usart3.o(.data)
    .data                                    0x2000001c   Section       16  movement.o(.data)
    .data                                    0x2000002c   Section        6  ultrasonicwave.o(.data)
    .data                                    0x20000034   Section       32  main.o(.data)
    .data                                    0x20000054   Section        8  mode.o(.data)
    .data                                    0x2000005c   Section        4  rand.o(.data)
    _rand_state                              0x2000005c   Data           4  rand.o(.data)
    .bss                                     0x20000060   Section     1024  oled.o(.bss)
    STACK                                    0x20000460   Section     1024  startup_stm32f10x_md.o(STACK)

    Global Symbols

    Symbol Name                              Value     Ov Type        Size  Object(Section)

    BuildAttributes$$THM_ISAv4$P$D$K$B$S$PE$A:L22UL41UL21$X:L11$S22US41US21$IEEE1$IW$USESV6$~STKCKD$USESV7$~SHL$OTIME$ROPI$IEEEX$EBA8$MICROLIB$REQ8$PRES8$EABIv2 0x00000000   Number         0  anon$$obj.o ABSOLUTE
    __ARM_use_no_argv                        0x00000000   Number         0  main.o ABSOLUTE
    _printf_a                                0x00000000   Number         0  stubs.o ABSOLUTE
    _printf_c                                0x00000000   Number         0  stubs.o ABSOLUTE
    _printf_charcount                        0x00000000   Number         0  stubs.o ABSOLUTE
    _printf_d                                0x00000000   Number         0  stubs.o ABSOLUTE
    _printf_e                                0x00000000   Number         0  stubs.o ABSOLUTE
    _printf_f                                0x00000000   Number         0  stubs.o ABSOLUTE
    _printf_flags                            0x00000000   Number         0  stubs.o ABSOLUTE
    _printf_fp_dec                           0x00000000   Number         0  stubs.o ABSOLUTE
    _printf_fp_hex                           0x00000000   Number         0  stubs.o ABSOLUTE
    _printf_g                                0x00000000   Number         0  stubs.o ABSOLUTE
    _printf_i                                0x00000000   Number         0  stubs.o ABSOLUTE
    _printf_int_dec                          0x00000000   Number         0  stubs.o ABSOLUTE
    _printf_l                                0x00000000   Number         0  stubs.o ABSOLUTE
    _printf_lc                               0x00000000   Number         0  stubs.o ABSOLUTE
    _printf_ll                               0x00000000   Number         0  stubs.o ABSOLUTE
    _printf_lld                              0x00000000   Number         0  stubs.o ABSOLUTE
    _printf_lli                              0x00000000   Number         0  stubs.o ABSOLUTE
    _printf_llo                              0x00000000   Number         0  stubs.o ABSOLUTE
    _printf_llu                              0x00000000   Number         0  stubs.o ABSOLUTE
    _printf_llx                              0x00000000   Number         0  stubs.o ABSOLUTE
    _printf_longlong_dec                     0x00000000   Number         0  stubs.o ABSOLUTE
    _printf_longlong_hex                     0x00000000   Number         0  stubs.o ABSOLUTE
    _printf_longlong_oct                     0x00000000   Number         0  stubs.o ABSOLUTE
    _printf_ls                               0x00000000   Number         0  stubs.o ABSOLUTE
    _printf_mbtowc                           0x00000000   Number         0  stubs.o ABSOLUTE
    _printf_n                                0x00000000   Number         0  stubs.o ABSOLUTE
    _printf_o                                0x00000000   Number         0  stubs.o ABSOLUTE
    _printf_p                                0x00000000   Number         0  stubs.o ABSOLUTE
    _printf_percent                          0x00000000   Number         0  stubs.o ABSOLUTE
    _printf_pre_padding                      0x00000000   Number         0  stubs.o ABSOLUTE
    _printf_return_value                     0x00000000   Number         0  stubs.o ABSOLUTE
    _printf_s                                0x00000000   Number         0  stubs.o ABSOLUTE
    _printf_sizespec                         0x00000000   Number         0  stubs.o ABSOLUTE
    _printf_str                              0x00000000   Number         0  stubs.o ABSOLUTE
    _printf_truncate_signed                  0x00000000   Number         0  stubs.o ABSOLUTE
    _printf_truncate_unsigned                0x00000000   Number         0  stubs.o ABSOLUTE
    _printf_u                                0x00000000   Number         0  stubs.o ABSOLUTE
    _printf_wc                               0x00000000   Number         0  stubs.o ABSOLUTE
    _printf_wctomb                           0x00000000   Number         0  stubs.o ABSOLUTE
    _printf_widthprec                        0x00000000   Number         0  stubs.o ABSOLUTE
    _printf_x                                0x00000000   Number         0  stubs.o ABSOLUTE
    __cpp_initialize__aeabi_                  - Undefined Weak Reference
    __cxa_finalize                            - Undefined Weak Reference
    __decompress                              - Undefined Weak Reference
    _clock_init                               - Undefined Weak Reference
    _microlib_exit                            - Undefined Weak Reference
    __Vectors_Size                           0x000000ec   Number         0  startup_stm32f10x_md.o ABSOLUTE
    __Vectors                                0x08000000   Data           4  startup_stm32f10x_md.o(RESET)
    __Vectors_End                            0x080000ec   Data           0  startup_stm32f10x_md.o(RESET)
    __main                                   0x080000ed   Thumb Code     0  entry.o(.ARM.Collect$$$$00000000)
    _main_stk                                0x080000ed   Thumb Code     0  entry2.o(.ARM.Collect$$$$00000001)
    _main_scatterload                        0x080000f1   Thumb Code     0  entry5.o(.ARM.Collect$$$$00000004)
    __main_after_scatterload                 0x080000f5   Thumb Code     0  entry5.o(.ARM.Collect$$$$00000004)
    _main_clock                              0x080000f5   Thumb Code     0  entry7b.o(.ARM.Collect$$$$00000008)
    _main_cpp_init                           0x080000f5   Thumb Code     0  entry8b.o(.ARM.Collect$$$$0000000A)
    _main_init                               0x080000f5   Thumb Code     0  entry9a.o(.ARM.Collect$$$$0000000B)
    __rt_final_cpp                           0x080000fd   Thumb Code     0  entry10a.o(.ARM.Collect$$$$0000000D)
    __rt_final_exit                          0x080000fd   Thumb Code     0  entry11a.o(.ARM.Collect$$$$0000000F)
    Reset_Handler                            0x08000101   Thumb Code     8  startup_stm32f10x_md.o(.text)
    ADC1_2_IRQHandler                        0x0800011b   Thumb Code     0  startup_stm32f10x_md.o(.text)
    CAN1_RX1_IRQHandler                      0x0800011b   Thumb Code     0  startup_stm32f10x_md.o(.text)
    CAN1_SCE_IRQHandler                      0x0800011b   Thumb Code     0  startup_stm32f10x_md.o(.text)
    DMA1_Channel1_IRQHandler                 0x0800011b   Thumb Code     0  startup_stm32f10x_md.o(.text)
    DMA1_Channel2_IRQHandler                 0x0800011b   Thumb Code     0  startup_stm32f10x_md.o(.text)
    DMA1_Channel3_IRQHandler                 0x0800011b   Thumb Code     0  startup_stm32f10x_md.o(.text)
    DMA1_Channel4_IRQHandler                 0x0800011b   Thumb Code     0  startup_stm32f10x_md.o(.text)
    DMA1_Channel5_IRQHandler                 0x0800011b   Thumb Code     0  startup_stm32f10x_md.o(.text)
    DMA1_Channel6_IRQHandler                 0x0800011b   Thumb Code     0  startup_stm32f10x_md.o(.text)
    DMA1_Channel7_IRQHandler                 0x0800011b   Thumb Code     0  startup_stm32f10x_md.o(.text)
    EXTI0_IRQHandler                         0x0800011b   Thumb Code     0  startup_stm32f10x_md.o(.text)
    EXTI15_10_IRQHandler                     0x0800011b   Thumb Code     0  startup_stm32f10x_md.o(.text)
    EXTI1_IRQHandler                         0x0800011b   Thumb Code     0  startup_stm32f10x_md.o(.text)
    EXTI2_IRQHandler                         0x0800011b   Thumb Code     0  startup_stm32f10x_md.o(.text)
    EXTI3_IRQHandler                         0x0800011b   Thumb Code     0  startup_stm32f10x_md.o(.text)
    EXTI4_IRQHandler                         0x0800011b   Thumb Code     0  startup_stm32f10x_md.o(.text)
    EXTI9_5_IRQHandler                       0x0800011b   Thumb Code     0  startup_stm32f10x_md.o(.text)
    FLASH_IRQHandler                         0x0800011b   Thumb Code     0  startup_stm32f10x_md.o(.text)
    I2C1_ER_IRQHandler                       0x0800011b   Thumb Code     0  startup_stm32f10x_md.o(.text)
    I2C1_EV_IRQHandler                       0x0800011b   Thumb Code     0  startup_stm32f10x_md.o(.text)
    I2C2_ER_IRQHandler                       0x0800011b   Thumb Code     0  startup_stm32f10x_md.o(.text)
    I2C2_EV_IRQHandler                       0x0800011b   Thumb Code     0  startup_stm32f10x_md.o(.text)
    PVD_IRQHandler                           0x0800011b   Thumb Code     0  startup_stm32f10x_md.o(.text)
    RCC_IRQHandler                           0x0800011b   Thumb Code     0  startup_stm32f10x_md.o(.text)
    RTCAlarm_IRQHandler                      0x0800011b   Thumb Code     0  startup_stm32f10x_md.o(.text)
    RTC_IRQHandler                           0x0800011b   Thumb Code     0  startup_stm32f10x_md.o(.text)
    SPI1_IRQHandler                          0x0800011b   Thumb Code     0  startup_stm32f10x_md.o(.text)
    SPI2_IRQHandler                          0x0800011b   Thumb Code     0  startup_stm32f10x_md.o(.text)
    TAMPER_IRQHandler                        0x0800011b   Thumb Code     0  startup_stm32f10x_md.o(.text)
    TIM1_BRK_IRQHandler                      0x0800011b   Thumb Code     0  startup_stm32f10x_md.o(.text)
    TIM1_CC_IRQHandler                       0x0800011b   Thumb Code     0  startup_stm32f10x_md.o(.text)
    TIM1_TRG_COM_IRQHandler                  0x0800011b   Thumb Code     0  startup_stm32f10x_md.o(.text)
    TIM1_UP_IRQHandler                       0x0800011b   Thumb Code     0  startup_stm32f10x_md.o(.text)
    TIM3_IRQHandler                          0x0800011b   Thumb Code     0  startup_stm32f10x_md.o(.text)
    TIM4_IRQHandler                          0x0800011b   Thumb Code     0  startup_stm32f10x_md.o(.text)
    USBWakeUp_IRQHandler                     0x0800011b   Thumb Code     0  startup_stm32f10x_md.o(.text)
    USB_HP_CAN1_TX_IRQHandler                0x0800011b   Thumb Code     0  startup_stm32f10x_md.o(.text)
    USB_LP_CAN1_RX0_IRQHandler               0x0800011b   Thumb Code     0  startup_stm32f10x_md.o(.text)
    WWDG_IRQHandler                          0x0800011b   Thumb Code     0  startup_stm32f10x_md.o(.text)
    rand                                     0x08000125   Thumb Code    20  rand.o(.text)
    srand                                    0x08000139   Thumb Code     6  rand.o(.text)
    __aeabi_memcpy                           0x08000149   Thumb Code    36  memcpya.o(.text)
    __aeabi_memcpy4                          0x08000149   Thumb Code     0  memcpya.o(.text)
    __aeabi_memcpy8                          0x08000149   Thumb Code     0  memcpya.o(.text)
    strlen                                   0x0800016d   Thumb Code    14  strlen.o(.text)
    strcmp                                   0x0800017b   Thumb Code    28  strcmp.o(.text)
    __aeabi_fadd                             0x08000197   Thumb Code   164  fadd.o(.text)
    __aeabi_fsub                             0x0800023b   Thumb Code     6  fadd.o(.text)
    __aeabi_frsub                            0x08000241   Thumb Code     6  fadd.o(.text)
    __aeabi_fmul                             0x08000247   Thumb Code   100  fmul.o(.text)
    __aeabi_fdiv                             0x080002ab   Thumb Code   124  fdiv.o(.text)
    __aeabi_dadd                             0x08000327   Thumb Code   322  dadd.o(.text)
    __aeabi_dsub                             0x08000469   Thumb Code     6  dadd.o(.text)
    __aeabi_drsub                            0x0800046f   Thumb Code     6  dadd.o(.text)
    __aeabi_dmul                             0x08000475   Thumb Code   228  dmul.o(.text)
    __aeabi_ddiv                             0x08000559   Thumb Code   222  ddiv.o(.text)
    __aeabi_i2f                              0x08000637   Thumb Code    18  fflti.o(.text)
    __aeabi_ui2f                             0x08000649   Thumb Code    10  ffltui.o(.text)
    __aeabi_ui2d                             0x08000653   Thumb Code    26  dfltui.o(.text)
    __aeabi_f2uiz                            0x0800066d   Thumb Code    40  ffixui.o(.text)
    __aeabi_d2uiz                            0x08000695   Thumb Code    50  dfixui.o(.text)
    __aeabi_cdrcmple                         0x080006c9   Thumb Code    48  cdrcmple.o(.text)
    __aeabi_uidiv                            0x080006f9   Thumb Code     0  uidiv.o(.text)
    __aeabi_uidivmod                         0x080006f9   Thumb Code    44  uidiv.o(.text)
    __aeabi_uldivmod                         0x08000725   Thumb Code    98  uldiv.o(.text)
    __aeabi_llsl                             0x08000787   Thumb Code    30  llshl.o(.text)
    _ll_shift_l                              0x08000787   Thumb Code     0  llshl.o(.text)
    __aeabi_llsr                             0x080007a5   Thumb Code    32  llushr.o(.text)
    _ll_ushift_r                             0x080007a5   Thumb Code     0  llushr.o(.text)
    __aeabi_lasr                             0x080007c5   Thumb Code    36  llsshr.o(.text)
    _ll_sshift_r                             0x080007c5   Thumb Code     0  llsshr.o(.text)
    __I$use$fp                               0x080007e9   Thumb Code     0  iusefp.o(.text)
    _float_round                             0x080007e9   Thumb Code    18  fepilogue.o(.text)
    _float_epilogue                          0x080007fb   Thumb Code    92  fepilogue.o(.text)
    _double_round                            0x08000857   Thumb Code    30  depilogue.o(.text)
    _double_epilogue                         0x08000875   Thumb Code   156  depilogue.o(.text)
    __aeabi_d2ulz                            0x08000911   Thumb Code    48  dfixul.o(.text)
    __scatterload                            0x08000941   Thumb Code    28  init.o(.text)
    __scatterload_rt2                        0x08000941   Thumb Code     0  init.o(.text)
    Bizhang                                  0x08000965   Thumb Code   100  ultrasonicwave.o(i.Bizhang)
    BusFault_Handler                         0x080009d1   Thumb Code     4  stm32f10x_it.o(i.BusFault_Handler)
    DebugMon_Handler                         0x080009d5   Thumb Code     2  stm32f10x_it.o(i.DebugMon_Handler)
    Delay_ms                                 0x080009d7   Thumb Code    24  delay.o(i.Delay_ms)
    Delay_s                                  0x080009ef   Thumb Code    24  delay.o(i.Delay_s)
    Delay_us                                 0x08000a07   Thumb Code    46  delay.o(i.Delay_us)
    Edge_detect                              0x08000a35   Thumb Code   132  hongwai.o(i.Edge_detect)
    GPIO_Init                                0x08000ac9   Thumb Code   278  stm32f10x_gpio.o(i.GPIO_Init)
    GPIO_ReadInputDataBit                    0x08000bdf   Thumb Code    18  stm32f10x_gpio.o(i.GPIO_ReadInputDataBit)
    GPIO_ReadOutputDataBit                   0x08000bf1   Thumb Code    18  stm32f10x_gpio.o(i.GPIO_ReadOutputDataBit)
    GPIO_ResetBits                           0x08000c03   Thumb Code     4  stm32f10x_gpio.o(i.GPIO_ResetBits)
    GPIO_SetBits                             0x08000c07   Thumb Code     4  stm32f10x_gpio.o(i.GPIO_SetBits)
    GPIO_WriteBit                            0x08000c0b   Thumb Code    10  stm32f10x_gpio.o(i.GPIO_WriteBit)
    HardFault_Handler                        0x08000c15   Thumb Code     4  stm32f10x_it.o(i.HardFault_Handler)
    LED13_Turn                               0x08000c19   Thumb Code    38  led.o(i.LED13_Turn)
    LED_Init                                 0x08000c45   Thumb Code    48  led.o(i.LED_Init)
    MemManage_Handler                        0x08000c79   Thumb Code     4  stm32f10x_it.o(i.MemManage_Handler)
    NMI_Handler                              0x08000c7d   Thumb Code     2  stm32f10x_it.o(i.NMI_Handler)
    NVIC_Init                                0x08000c81   Thumb Code   100  misc.o(i.NVIC_Init)
    NVIC_PriorityGroupConfig                 0x08000cf1   Thumb Code    10  misc.o(i.NVIC_PriorityGroupConfig)
    OLED_Clear                               0x08000d05   Thumb Code    36  oled.o(i.OLED_Clear)
    OLED_ClearArea                           0x08000d2d   Thumb Code   162  oled.o(i.OLED_ClearArea)
    OLED_GPIO_Init                           0x08000dd5   Thumb Code    92  oled.o(i.OLED_GPIO_Init)
    OLED_I2C_SendByte                        0x08000e35   Thumb Code    62  oled.o(i.OLED_I2C_SendByte)
    OLED_I2C_Start                           0x08000e73   Thumb Code    28  oled.o(i.OLED_I2C_Start)
    OLED_I2C_Stop                            0x08000e8f   Thumb Code    22  oled.o(i.OLED_I2C_Stop)
    OLED_Init                                0x08000ea5   Thumb Code   154  oled.o(i.OLED_Init)
    OLED_Pow                                 0x08000f3f   Thumb Code    20  oled.o(i.OLED_Pow)
    OLED_SetCursor                           0x08000f53   Thumb Code    38  oled.o(i.OLED_SetCursor)
    OLED_ShowChar                            0x08000f79   Thumb Code    74  oled.o(i.OLED_ShowChar)
    OLED_ShowChinese                         0x08000fcd   Thumb Code   148  oled.o(i.OLED_ShowChinese)
    OLED_ShowImage                           0x08001069   Thumb Code   300  oled.o(i.OLED_ShowImage)
    OLED_ShowNum                             0x08001199   Thumb Code    76  oled.o(i.OLED_ShowNum)
    OLED_Update                              0x080011e5   Thumb Code    36  oled.o(i.OLED_Update)
    OLED_UpdateArea                          0x0800120d   Thumb Code   120  oled.o(i.OLED_UpdateArea)
    OLED_W_SCL                               0x08001289   Thumb Code    18  oled.o(i.OLED_W_SCL)
    OLED_W_SDA                               0x080012a1   Thumb Code    18  oled.o(i.OLED_W_SDA)
    OLED_WriteCommand                        0x080012b9   Thumb Code    32  oled.o(i.OLED_WriteCommand)
    OLED_WriteData                           0x080012d9   Thumb Code    46  oled.o(i.OLED_WriteData)
    OLED_happiness                           0x08001309   Thumb Code    70  mode.o(i.OLED_happiness)
    OLED_stamina                             0x08001361   Thumb Code    70  mode.o(i.OLED_stamina)
    PWM_Init                                 0x080013b9   Thumb Code   186  pwm.o(i.PWM_Init)
    PWM_SetCompare1                          0x08001481   Thumb Code    14  pwm.o(i.PWM_SetCompare1)
    PWM_SetCompare2                          0x08001495   Thumb Code    14  pwm.o(i.PWM_SetCompare2)
    PWM_SetCompare3                          0x080014a9   Thumb Code    14  pwm.o(i.PWM_SetCompare3)
    PWM_SetCompare4                          0x080014bd   Thumb Code    14  pwm.o(i.PWM_SetCompare4)
    PendSV_Handler                           0x080014d1   Thumb Code     2  stm32f10x_it.o(i.PendSV_Handler)
    RCC_APB1PeriphClockCmd                   0x080014d5   Thumb Code    26  stm32f10x_rcc.o(i.RCC_APB1PeriphClockCmd)
    RCC_APB2PeriphClockCmd                   0x080014f5   Thumb Code    26  stm32f10x_rcc.o(i.RCC_APB2PeriphClockCmd)
    RCC_GetClocksFreq                        0x08001515   Thumb Code   192  stm32f10x_rcc.o(i.RCC_GetClocksFreq)
    SVC_Handler                              0x080015e9   Thumb Code     2  stm32f10x_it.o(i.SVC_Handler)
    SYN_FrameInfo                            0x080015eb   Thumb Code   122  syn6288.o(i.SYN_FrameInfo)
    Servo_GetAngle1                          0x08001665   Thumb Code    28  servo.o(i.Servo_GetAngle1)
    Servo_GetAngle2                          0x08001685   Thumb Code    28  servo.o(i.Servo_GetAngle2)
    Servo_GetAngle3                          0x080016a5   Thumb Code    28  servo.o(i.Servo_GetAngle3)
    Servo_GetAngle4                          0x080016c5   Thumb Code    28  servo.o(i.Servo_GetAngle4)
    Servo_Init                               0x080016e5   Thumb Code     8  servo.o(i.Servo_Init)
    Servo_SetAngle1                          0x080016ed   Thumb Code    48  servo.o(i.Servo_SetAngle1)
    Servo_SetAngle2                          0x08001729   Thumb Code    48  servo.o(i.Servo_SetAngle2)
    Servo_SetAngle3                          0x08001765   Thumb Code    48  servo.o(i.Servo_SetAngle3)
    Servo_SetAngle4                          0x080017a1   Thumb Code    48  servo.o(i.Servo_SetAngle4)
    SysTick_Handler                          0x080018c5   Thumb Code     2  stm32f10x_it.o(i.SysTick_Handler)
    SystemInit                               0x080018c9   Thumb Code    78  system_stm32f10x.o(i.SystemInit)
    TIM2_IRQHandler                          0x08001929   Thumb Code    46  timer.o(i.TIM2_IRQHandler)
    TIM_ClearFlag                            0x08001961   Thumb Code     6  stm32f10x_tim.o(i.TIM_ClearFlag)
    TIM_ClearITPendingBit                    0x08001967   Thumb Code     6  stm32f10x_tim.o(i.TIM_ClearITPendingBit)
    TIM_Cmd                                  0x0800196d   Thumb Code    24  stm32f10x_tim.o(i.TIM_Cmd)
    TIM_GetCapture1                          0x08001985   Thumb Code     6  stm32f10x_tim.o(i.TIM_GetCapture1)
    TIM_GetCapture2                          0x0800198b   Thumb Code     6  stm32f10x_tim.o(i.TIM_GetCapture2)
    TIM_GetCapture3                          0x08001991   Thumb Code     6  stm32f10x_tim.o(i.TIM_GetCapture3)
    TIM_GetCapture4                          0x08001997   Thumb Code     8  stm32f10x_tim.o(i.TIM_GetCapture4)
    TIM_GetITStatus                          0x0800199f   Thumb Code    34  stm32f10x_tim.o(i.TIM_GetITStatus)
    TIM_ITConfig                             0x080019c1   Thumb Code    18  stm32f10x_tim.o(i.TIM_ITConfig)
    TIM_InternalClockConfig                  0x080019d3   Thumb Code    12  stm32f10x_tim.o(i.TIM_InternalClockConfig)
    TIM_OC1Init                              0x080019e1   Thumb Code   132  stm32f10x_tim.o(i.TIM_OC1Init)
    TIM_OC2Init                              0x08001a79   Thumb Code   154  stm32f10x_tim.o(i.TIM_OC2Init)
    TIM_OC3Init                              0x08001b1d   Thumb Code   150  stm32f10x_tim.o(i.TIM_OC3Init)
    TIM_OC4Init                              0x08001bbd   Thumb Code   114  stm32f10x_tim.o(i.TIM_OC4Init)
    TIM_OCStructInit                         0x08001c39   Thumb Code    20  stm32f10x_tim.o(i.TIM_OCStructInit)
    TIM_SetCompare1                          0x08001c4d   Thumb Code     4  stm32f10x_tim.o(i.TIM_SetCompare1)
    TIM_SetCompare2                          0x08001c51   Thumb Code     4  stm32f10x_tim.o(i.TIM_SetCompare2)
    TIM_SetCompare3                          0x08001c55   Thumb Code     4  stm32f10x_tim.o(i.TIM_SetCompare3)
    TIM_SetCompare4                          0x08001c59   Thumb Code     6  stm32f10x_tim.o(i.TIM_SetCompare4)
    TIM_TimeBaseInit                         0x08001c61   Thumb Code   122  stm32f10x_tim.o(i.TIM_TimeBaseInit)
    Timer_Init                               0x08001d05   Thumb Code   128  timer.o(i.Timer_Init)
    USART1_GetRxData                         0x08001d89   Thumb Code     6  usart1.o(i.USART1_GetRxData)
    USART1_GetRxFlag                         0x08001d95   Thumb Code    22  usart1.o(i.USART1_GetRxFlag)
    USART1_IRQHandler                        0x08001db1   Thumb Code    44  usart1.o(i.USART1_IRQHandler)
    USART1_Init                              0x08001de9   Thumb Code   168  usart1.o(i.USART1_Init)
    USART2_IRQHandler                        0x08001e99   Thumb Code    44  usart2.o(i.USART2_IRQHandler)
    USART2_Init                              0x08001ed1   Thumb Code   166  usart2.o(i.USART2_Init)
    USART2_SendString                        0x08001f81   Thumb Code    40  usart2.o(i.USART2_SendString)
    USART3_GetRxData                         0x08001fad   Thumb Code     6  usart3.o(i.USART3_GetRxData)
    USART3_GetRxFlag                         0x08001fb9   Thumb Code    22  usart3.o(i.USART3_GetRxFlag)
    USART3_IRQHandler                        0x08001fd5   Thumb Code    44  usart3.o(i.USART3_IRQHandler)
    USART3_Init                              0x0800200d   Thumb Code   170  usart3.o(i.USART3_Init)
    USART_ClearITPendingBit                  0x080020c1   Thumb Code    30  stm32f10x_usart.o(i.USART_ClearITPendingBit)
    USART_Cmd                                0x080020df   Thumb Code    24  stm32f10x_usart.o(i.USART_Cmd)
    USART_GetITStatus                        0x080020f7   Thumb Code    84  stm32f10x_usart.o(i.USART_GetITStatus)
    USART_ITConfig                           0x0800214b   Thumb Code    74  stm32f10x_usart.o(i.USART_ITConfig)
    USART_Init                               0x08002195   Thumb Code   210  stm32f10x_usart.o(i.USART_Init)
    USART_ReceiveData                        0x0800226d   Thumb Code    10  stm32f10x_usart.o(i.USART_ReceiveData)
    UltrasonicWave_Getvalue                  0x08002279   Thumb Code    66  ultrasonicwave.o(i.UltrasonicWave_Getvalue)
    UltrasonicWave_Init                      0x080022cd   Thumb Code    72  ultrasonicwave.o(i.UltrasonicWave_Init)
    UltrasonicWave_Start                     0x08002319   Thumb Code    30  ultrasonicwave.o(i.UltrasonicWave_Start)
    UsageFault_Handler                       0x0800233d   Thumb Code     4  stm32f10x_it.o(i.UsageFault_Handler)
    __0sprintf                               0x08002341   Thumb Code    34  printfa.o(i.__0sprintf)
    __1sprintf                               0x08002341   Thumb Code     0  printfa.o(i.__0sprintf)
    __2sprintf                               0x08002341   Thumb Code     0  printfa.o(i.__0sprintf)
    __c89sprintf                             0x08002341   Thumb Code     0  printfa.o(i.__0sprintf)
    sprintf                                  0x08002341   Thumb Code     0  printfa.o(i.__0sprintf)
    __scatterload_copy                       0x08002369   Thumb Code    14  handlers.o(i.__scatterload_copy)
    __scatterload_null                       0x08002377   Thumb Code     2  handlers.o(i.__scatterload_null)
    __scatterload_zeroinit                   0x08002379   Thumb Code    14  handlers.o(i.__scatterload_zeroinit)
    hongwai_get_1                            0x08002c45   Thumb Code    14  hongwai.o(i.hongwai_get_1)
    hongwai_get_2                            0x08002c59   Thumb Code    12  hongwai.o(i.hongwai_get_2)
    hongwai_get_3                            0x08002c69   Thumb Code    14  hongwai.o(i.hongwai_get_3)
    hongwai_get_4                            0x08002c7d   Thumb Code    12  hongwai.o(i.hongwai_get_4)
    hongwai_init                             0x08002c8d   Thumb Code    76  hongwai.o(i.hongwai_init)
    lan_yao                                  0x08002cdd   Thumb Code   258  movement.o(i.lan_yao)
    main                                     0x08002de9   Thumb Code   776  main.o(i.main)
    mode_behind                              0x0800313d   Thumb Code    90  mode.o(i.mode_behind)
    mode_biaobai                             0x080031b1   Thumb Code   190  mode.o(i.mode_biaobai)
    mode_dance                               0x08003335   Thumb Code    56  mode.o(i.mode_dance)
    mode_forward                             0x08003381   Thumb Code    90  mode.o(i.mode_forward)
    mode_happiness                           0x080033f5   Thumb Code   156  mode.o(i.mode_happiness)
    mode_headup                              0x080034cd   Thumb Code    76  mode.o(i.mode_headup)
    mode_hello                               0x0800352d   Thumb Code   314  mode.o(i.mode_hello)
    mode_index                               0x080036a5   Thumb Code   158  mode.o(i.mode_index)
    mode_lanyao                              0x0800379d   Thumb Code   102  mode.o(i.mode_lanyao)
    mode_left                                0x0800381d   Thumb Code    90  mode.o(i.mode_left)
    mode_nanshou                             0x08003891   Thumb Code    38  mode.o(i.mode_nanshou)
    mode_right                               0x080038c5   Thumb Code    90  mode.o(i.mode_right)
    mode_sleeppa                             0x08003939   Thumb Code   130  mode.o(i.mode_sleeppa)
    mode_sleepwo                             0x080039d9   Thumb Code   136  mode.o(i.mode_sleepwo)
    mode_slowstand                           0x08003a7d   Thumb Code    56  mode.o(i.mode_slowstand)
    mode_stamina                             0x08003ac5   Thumb Code   156  mode.o(i.mode_stamina)
    mode_stand                               0x08003b9d   Thumb Code    66  mode.o(i.mode_stand)
    mode_strech                              0x08003c05   Thumb Code   102  mode.o(i.mode_strech)
    mode_swing_qianhou                       0x08003c89   Thumb Code    56  mode.o(i.mode_swing_qianhou)
    mode_swing_zuoyou                        0x08003cd5   Thumb Code    56  mode.o(i.mode_swing_zuoyou)
    mode_twohands                            0x08003d21   Thumb Code    66  mode.o(i.mode_twohands)
    mode_world                               0x08003d79   Thumb Code    60  mode.o(i.mode_world)
    mode_xiaodai                             0x08003de1   Thumb Code    40  mode.o(i.mode_xiaodai)
    mode_xiaoxun                             0x08003e15   Thumb Code   180  mode.o(i.mode_xiaoxun)
    mode_yuansu                              0x08003f4d   Thumb Code   218  mode.o(i.mode_yuansu)
    move_behind                              0x080040b5   Thumb Code   164  movement.o(i.move_behind)
    move_dance                               0x08004169   Thumb Code   284  movement.o(i.move_dance)
    move_forward                             0x08004295   Thumb Code   164  movement.o(i.move_forward)
    move_head_up                             0x08004349   Thumb Code   140  movement.o(i.move_head_up)
    move_left                                0x080043d9   Thumb Code    84  movement.o(i.move_left)
    move_left_hw                             0x0800443d   Thumb Code    76  movement.o(i.move_left_hw)
    move_right                               0x08004499   Thumb Code    84  movement.o(i.move_right)
    move_right_hw                            0x080044fd   Thumb Code    76  movement.o(i.move_right_hw)
    move_shake_qianhou                       0x08004559   Thumb Code   124  movement.o(i.move_shake_qianhou)
    move_shake_zuoyou                        0x080045e1   Thumb Code   164  movement.o(i.move_shake_zuoyou)
    move_sleep_p                             0x08004695   Thumb Code   140  movement.o(i.move_sleep_p)
    move_sleep_w                             0x08004725   Thumb Code   140  movement.o(i.move_sleep_w)
    move_slow_stand                          0x080047b5   Thumb Code   352  movement.o(i.move_slow_stand)
    move_stand                               0x08004925   Thumb Code    36  movement.o(i.move_stand)
    move_stretch                             0x0800494d   Thumb Code   274  movement.o(i.move_stretch)
    move_two_hands                           0x08004a71   Thumb Code    76  movement.o(i.move_two_hands)
    OLED_F8x16                               0x08004ac8   Data        1520  oled_data.o(.constdata)
    OLED_F6x8                                0x080050b8   Data         570  oled_data.o(.constdata)
    OLED_CF16x16                             0x080052f2   Data         490  oled_data.o(.constdata)
    Diode                                    0x080054dc   Data          32  oled_data.o(.constdata)
    BMP1                                     0x080054fc   Data        1024  oled_data.o(.constdata)
    BMP2                                     0x080058fc   Data        1024  oled_data.o(.constdata)
    BMP4                                     0x08005cfc   Data        1024  oled_data.o(.constdata)
    BMP3                                     0x080060fc   Data        1024  oled_data.o(.constdata)
    BMP5                                     0x080064fc   Data        1024  oled_data.o(.constdata)
    BMP6                                     0x080068fc   Data        1024  oled_data.o(.constdata)
    BMP7                                     0x08006cfc   Data        1024  oled_data.o(.constdata)
    BMP8                                     0x080070fc   Data        1024  oled_data.o(.constdata)
    BMP9                                     0x080074fc   Data        1024  oled_data.o(.constdata)
    BMP10                                    0x080078fc   Data        1024  oled_data.o(.constdata)
    BMP11                                    0x08007cfc   Data        1024  oled_data.o(.constdata)
    BMP12                                    0x080080fc   Data        1024  oled_data.o(.constdata)
    huaji                                    0x080084fc   Data        1200  oled_data.o(.constdata)
    Region$$Table$$Base                      0x080089ac   Number         0  anon$$obj.o(Region$$Table)
    Region$$Table$$Limit                     0x080089cc   Number         0  anon$$obj.o(Region$$Table)
    USART1_RxData                            0x20000014   Data           1  usart1.o(.data)
    USART1_RxFlag                            0x20000015   Data           1  usart1.o(.data)
    USART2_RxData                            0x20000016   Data           1  usart2.o(.data)
    USART2_RxFlag                            0x20000017   Data           1  usart2.o(.data)
    USART3_RxData                            0x20000018   Data           1  usart3.o(.data)
    USART3_RxFlag                            0x20000019   Data           1  usart3.o(.data)
    i                                        0x2000001c   Data           4  movement.o(.data)
    j                                        0x20000020   Data           4  movement.o(.data)
    movedelay                                0x20000024   Data           4  movement.o(.data)
    angle_1                                  0x20000028   Data           1  movement.o(.data)
    angle_2                                  0x20000029   Data           1  movement.o(.data)
    angle_3                                  0x2000002a   Data           1  movement.o(.data)
    angle_4                                  0x2000002b   Data           1  movement.o(.data)
    cf                                       0x2000002c   Data           4  ultrasonicwave.o(.data)
    Time                                     0x20000030   Data           2  ultrasonicwave.o(.data)
    RxData                                   0x20000034   Data           1  main.o(.data)
    move_mode1                               0x20000035   Data           1  main.o(.data)
    move_mode3                               0x20000036   Data           1  main.o(.data)
    move_mode                                0x20000037   Data           1  main.o(.data)
    previous_mode                            0x20000038   Data           1  main.o(.data)
    T                                        0x2000003a   Data           2  main.o(.data)
    bz_flag                                  0x2000003c   Data           2  main.o(.data)
    hw_flag                                  0x2000003e   Data           2  main.o(.data)
    happiness                                0x20000040   Data           4  main.o(.data)
    stamina                                  0x20000044   Data           4  main.o(.data)
    t1                                       0x20000048   Data           1  main.o(.data)
    t2                                       0x20000049   Data           1  main.o(.data)
    t3                                       0x2000004a   Data           1  main.o(.data)
    t4                                       0x2000004b   Data           1  main.o(.data)
    ff                                       0x2000004c   Data           2  main.o(.data)
    bb                                       0x2000004e   Data           2  main.o(.data)
    ll                                       0x20000050   Data           2  main.o(.data)
    rr                                       0x20000052   Data           2  main.o(.data)
    read                                     0x20000054   Data           8  mode.o(.data)
    OLED_DisplayBuf                          0x20000060   Data        1024  oled.o(.bss)
    __initial_sp                             0x20000860   Data           0  startup_stm32f10x_md.o(STACK)



==============================================================================

Memory Map of the image

  Image Entry point : 0x080000ed

  Load Region LR_IROM1 (Base: 0x08000000, Size: 0x00008a2c, Max: 0x00010000, ABSOLUTE)

    Execution Region ER_IROM1 (Exec base: 0x08000000, Load base: 0x08000000, Size: 0x000089cc, Max: 0x00010000, ABSOLUTE)

    Exec Addr    Load Addr    Size         Type   Attr      Idx    E Section Name        Object

    0x08000000   0x08000000   0x000000ec   Data   RO            3    RESET               startup_stm32f10x_md.o
    0x080000ec   0x080000ec   0x00000000   Code   RO         4463  * .ARM.Collect$$$$00000000  mc_w.l(entry.o)
    0x080000ec   0x080000ec   0x00000004   Code   RO         4797    .ARM.Collect$$$$00000001  mc_w.l(entry2.o)
    0x080000f0   0x080000f0   0x00000004   Code   RO         4800    .ARM.Collect$$$$00000004  mc_w.l(entry5.o)
    0x080000f4   0x080000f4   0x00000000   Code   RO         4802    .ARM.Collect$$$$00000008  mc_w.l(entry7b.o)
    0x080000f4   0x080000f4   0x00000000   Code   RO         4804    .ARM.Collect$$$$0000000A  mc_w.l(entry8b.o)
    0x080000f4   0x080000f4   0x00000008   Code   RO         4805    .ARM.Collect$$$$0000000B  mc_w.l(entry9a.o)
    0x080000fc   0x080000fc   0x00000000   Code   RO         4807    .ARM.Collect$$$$0000000D  mc_w.l(entry10a.o)
    0x080000fc   0x080000fc   0x00000000   Code   RO         4809    .ARM.Collect$$$$0000000F  mc_w.l(entry11a.o)
    0x080000fc   0x080000fc   0x00000004   Code   RO         4798    .ARM.Collect$$$$00002712  mc_w.l(entry2.o)
    0x08000100   0x08000100   0x00000024   Code   RO            4    .text               startup_stm32f10x_md.o
    0x08000124   0x08000124   0x00000024   Code   RO         4466    .text               mc_w.l(rand.o)
    0x08000148   0x08000148   0x00000024   Code   RO         4469    .text               mc_w.l(memcpya.o)
    0x0800016c   0x0800016c   0x0000000e   Code   RO         4471    .text               mc_w.l(strlen.o)
    0x0800017a   0x0800017a   0x0000001c   Code   RO         4473    .text               mc_w.l(strcmp.o)
    0x08000196   0x08000196   0x000000b0   Code   RO         4738    .text               mf_w.l(fadd.o)
    0x08000246   0x08000246   0x00000064   Code   RO         4740    .text               mf_w.l(fmul.o)
    0x080002aa   0x080002aa   0x0000007c   Code   RO         4742    .text               mf_w.l(fdiv.o)
    0x08000326   0x08000326   0x0000014e   Code   RO         4744    .text               mf_w.l(dadd.o)
    0x08000474   0x08000474   0x000000e4   Code   RO         4746    .text               mf_w.l(dmul.o)
    0x08000558   0x08000558   0x000000de   Code   RO         4748    .text               mf_w.l(ddiv.o)
    0x08000636   0x08000636   0x00000012   Code   RO         4750    .text               mf_w.l(fflti.o)
    0x08000648   0x08000648   0x0000000a   Code   RO         4752    .text               mf_w.l(ffltui.o)
    0x08000652   0x08000652   0x0000001a   Code   RO         4756    .text               mf_w.l(dfltui.o)
    0x0800066c   0x0800066c   0x00000028   Code   RO         4758    .text               mf_w.l(ffixui.o)
    0x08000694   0x08000694   0x00000032   Code   RO         4762    .text               mf_w.l(dfixui.o)
    0x080006c6   0x080006c6   0x00000002   PAD
    0x080006c8   0x080006c8   0x00000030   Code   RO         4766    .text               mf_w.l(cdrcmple.o)
    0x080006f8   0x080006f8   0x0000002c   Code   RO         4814    .text               mc_w.l(uidiv.o)
    0x08000724   0x08000724   0x00000062   Code   RO         4816    .text               mc_w.l(uldiv.o)
    0x08000786   0x08000786   0x0000001e   Code   RO         4818    .text               mc_w.l(llshl.o)
    0x080007a4   0x080007a4   0x00000020   Code   RO         4820    .text               mc_w.l(llushr.o)
    0x080007c4   0x080007c4   0x00000024   Code   RO         4822    .text               mc_w.l(llsshr.o)
    0x080007e8   0x080007e8   0x00000000   Code   RO         4831    .text               mc_w.l(iusefp.o)
    0x080007e8   0x080007e8   0x0000006e   Code   RO         4832    .text               mf_w.l(fepilogue.o)
    0x08000856   0x08000856   0x000000ba   Code   RO         4834    .text               mf_w.l(depilogue.o)
    0x08000910   0x08000910   0x00000030   Code   RO         4838    .text               mf_w.l(dfixul.o)
    0x08000940   0x08000940   0x00000024   Code   RO         4844    .text               mc_w.l(init.o)
    0x08000964   0x08000964   0x0000006c   Code   RO         3928    i.Bizhang           ultrasonicwave.o
    0x080009d0   0x080009d0   0x00000004   Code   RO         4390    i.BusFault_Handler  stm32f10x_it.o
    0x080009d4   0x080009d4   0x00000002   Code   RO         4391    i.DebugMon_Handler  stm32f10x_it.o
    0x080009d6   0x080009d6   0x00000018   Code   RO         3196    i.Delay_ms          delay.o
    0x080009ee   0x080009ee   0x00000018   Code   RO         3197    i.Delay_s           delay.o
    0x08000a06   0x08000a06   0x0000002e   Code   RO         3198    i.Delay_us          delay.o
    0x08000a34   0x08000a34   0x00000094   Code   RO         3968    i.Edge_detect       hongwai.o
    0x08000ac8   0x08000ac8   0x00000116   Code   RO         1347    i.GPIO_Init         stm32f10x_gpio.o
    0x08000bde   0x08000bde   0x00000012   Code   RO         1351    i.GPIO_ReadInputDataBit  stm32f10x_gpio.o
    0x08000bf0   0x08000bf0   0x00000012   Code   RO         1353    i.GPIO_ReadOutputDataBit  stm32f10x_gpio.o
    0x08000c02   0x08000c02   0x00000004   Code   RO         1354    i.GPIO_ResetBits    stm32f10x_gpio.o
    0x08000c06   0x08000c06   0x00000004   Code   RO         1355    i.GPIO_SetBits      stm32f10x_gpio.o
    0x08000c0a   0x08000c0a   0x0000000a   Code   RO         1358    i.GPIO_WriteBit     stm32f10x_gpio.o
    0x08000c14   0x08000c14   0x00000004   Code   RO         4392    i.HardFault_Handler  stm32f10x_it.o
    0x08000c18   0x08000c18   0x0000002c   Code   RO         3389    i.LED13_Turn        led.o
    0x08000c44   0x08000c44   0x00000034   Code   RO         3390    i.LED_Init          led.o
    0x08000c78   0x08000c78   0x00000004   Code   RO         4393    i.MemManage_Handler  stm32f10x_it.o
    0x08000c7c   0x08000c7c   0x00000002   Code   RO         4394    i.NMI_Handler       stm32f10x_it.o
    0x08000c7e   0x08000c7e   0x00000002   PAD
    0x08000c80   0x08000c80   0x00000070   Code   RO          137    i.NVIC_Init         misc.o
    0x08000cf0   0x08000cf0   0x00000014   Code   RO          138    i.NVIC_PriorityGroupConfig  misc.o
    0x08000d04   0x08000d04   0x00000028   Code   RO         3417    i.OLED_Clear        oled.o
    0x08000d2c   0x08000d2c   0x000000a8   Code   RO         3418    i.OLED_ClearArea    oled.o
    0x08000dd4   0x08000dd4   0x00000060   Code   RO         3426    i.OLED_GPIO_Init    oled.o
    0x08000e34   0x08000e34   0x0000003e   Code   RO         3428    i.OLED_I2C_SendByte  oled.o
    0x08000e72   0x08000e72   0x0000001c   Code   RO         3429    i.OLED_I2C_Start    oled.o
    0x08000e8e   0x08000e8e   0x00000016   Code   RO         3430    i.OLED_I2C_Stop     oled.o
    0x08000ea4   0x08000ea4   0x0000009a   Code   RO         3431    i.OLED_Init         oled.o
    0x08000f3e   0x08000f3e   0x00000014   Code   RO         3433    i.OLED_Pow          oled.o
    0x08000f52   0x08000f52   0x00000026   Code   RO         3437    i.OLED_SetCursor    oled.o
    0x08000f78   0x08000f78   0x00000054   Code   RO         3439    i.OLED_ShowChar     oled.o
    0x08000fcc   0x08000fcc   0x0000009c   Code   RO         3440    i.OLED_ShowChinese  oled.o
    0x08001068   0x08001068   0x00000130   Code   RO         3443    i.OLED_ShowImage    oled.o
    0x08001198   0x08001198   0x0000004c   Code   RO         3444    i.OLED_ShowNum      oled.o
    0x080011e4   0x080011e4   0x00000028   Code   RO         3447    i.OLED_Update       oled.o
    0x0800120c   0x0800120c   0x0000007c   Code   RO         3448    i.OLED_UpdateArea   oled.o
    0x08001288   0x08001288   0x00000018   Code   RO         3449    i.OLED_W_SCL        oled.o
    0x080012a0   0x080012a0   0x00000018   Code   RO         3450    i.OLED_W_SDA        oled.o
    0x080012b8   0x080012b8   0x00000020   Code   RO         3451    i.OLED_WriteCommand  oled.o
    0x080012d8   0x080012d8   0x0000002e   Code   RO         3452    i.OLED_WriteData    oled.o
    0x08001306   0x08001306   0x00000002   PAD
    0x08001308   0x08001308   0x00000058   Code   RO         4190    i.OLED_happiness    mode.o
    0x08001360   0x08001360   0x00000058   Code   RO         4191    i.OLED_stamina      mode.o
    0x080013b8   0x080013b8   0x000000c8   Code   RO         3678    i.PWM_Init          pwm.o
    0x08001480   0x08001480   0x00000014   Code   RO         3679    i.PWM_SetCompare1   pwm.o
    0x08001494   0x08001494   0x00000014   Code   RO         3680    i.PWM_SetCompare2   pwm.o
    0x080014a8   0x080014a8   0x00000014   Code   RO         3681    i.PWM_SetCompare3   pwm.o
    0x080014bc   0x080014bc   0x00000014   Code   RO         3682    i.PWM_SetCompare4   pwm.o
    0x080014d0   0x080014d0   0x00000002   Code   RO         4395    i.PendSV_Handler    stm32f10x_it.o
    0x080014d2   0x080014d2   0x00000002   PAD
    0x080014d4   0x080014d4   0x00000020   Code   RO         1775    i.RCC_APB1PeriphClockCmd  stm32f10x_rcc.o
    0x080014f4   0x080014f4   0x00000020   Code   RO         1777    i.RCC_APB2PeriphClockCmd  stm32f10x_rcc.o
    0x08001514   0x08001514   0x000000d4   Code   RO         1785    i.RCC_GetClocksFreq  stm32f10x_rcc.o
    0x080015e8   0x080015e8   0x00000002   Code   RO         4396    i.SVC_Handler       stm32f10x_it.o
    0x080015ea   0x080015ea   0x0000007a   Code   RO         4011    i.SYN_FrameInfo     syn6288.o
    0x08001664   0x08001664   0x00000020   Code   RO         3714    i.Servo_GetAngle1   servo.o
    0x08001684   0x08001684   0x00000020   Code   RO         3715    i.Servo_GetAngle2   servo.o
    0x080016a4   0x080016a4   0x00000020   Code   RO         3716    i.Servo_GetAngle3   servo.o
    0x080016c4   0x080016c4   0x00000020   Code   RO         3717    i.Servo_GetAngle4   servo.o
    0x080016e4   0x080016e4   0x00000008   Code   RO         3718    i.Servo_Init        servo.o
    0x080016ec   0x080016ec   0x0000003c   Code   RO         3719    i.Servo_SetAngle1   servo.o
    0x08001728   0x08001728   0x0000003c   Code   RO         3720    i.Servo_SetAngle2   servo.o
    0x08001764   0x08001764   0x0000003c   Code   RO         3721    i.Servo_SetAngle3   servo.o
    0x080017a0   0x080017a0   0x0000003c   Code   RO         3722    i.Servo_SetAngle4   servo.o
    0x080017dc   0x080017dc   0x00000008   Code   RO           24    i.SetSysClock       system_stm32f10x.o
    0x080017e4   0x080017e4   0x000000e0   Code   RO           25    i.SetSysClockTo72   system_stm32f10x.o
    0x080018c4   0x080018c4   0x00000002   Code   RO         4397    i.SysTick_Handler   stm32f10x_it.o
    0x080018c6   0x080018c6   0x00000002   PAD
    0x080018c8   0x080018c8   0x00000060   Code   RO           27    i.SystemInit        system_stm32f10x.o
    0x08001928   0x08001928   0x00000038   Code   RO         3909    i.TIM2_IRQHandler   timer.o
    0x08001960   0x08001960   0x00000006   Code   RO         2415    i.TIM_ClearFlag     stm32f10x_tim.o
    0x08001966   0x08001966   0x00000006   Code   RO         2416    i.TIM_ClearITPendingBit  stm32f10x_tim.o
    0x0800196c   0x0800196c   0x00000018   Code   RO         2421    i.TIM_Cmd           stm32f10x_tim.o
    0x08001984   0x08001984   0x00000006   Code   RO         2436    i.TIM_GetCapture1   stm32f10x_tim.o
    0x0800198a   0x0800198a   0x00000006   Code   RO         2437    i.TIM_GetCapture2   stm32f10x_tim.o
    0x08001990   0x08001990   0x00000006   Code   RO         2438    i.TIM_GetCapture3   stm32f10x_tim.o
    0x08001996   0x08001996   0x00000008   Code   RO         2439    i.TIM_GetCapture4   stm32f10x_tim.o
    0x0800199e   0x0800199e   0x00000022   Code   RO         2442    i.TIM_GetITStatus   stm32f10x_tim.o
    0x080019c0   0x080019c0   0x00000012   Code   RO         2446    i.TIM_ITConfig      stm32f10x_tim.o
    0x080019d2   0x080019d2   0x0000000c   Code   RO         2448    i.TIM_InternalClockConfig  stm32f10x_tim.o
    0x080019de   0x080019de   0x00000002   PAD
    0x080019e0   0x080019e0   0x00000098   Code   RO         2450    i.TIM_OC1Init       stm32f10x_tim.o
    0x08001a78   0x08001a78   0x000000a4   Code   RO         2455    i.TIM_OC2Init       stm32f10x_tim.o
    0x08001b1c   0x08001b1c   0x000000a0   Code   RO         2460    i.TIM_OC3Init       stm32f10x_tim.o
    0x08001bbc   0x08001bbc   0x0000007c   Code   RO         2465    i.TIM_OC4Init       stm32f10x_tim.o
    0x08001c38   0x08001c38   0x00000014   Code   RO         2468    i.TIM_OCStructInit  stm32f10x_tim.o
    0x08001c4c   0x08001c4c   0x00000004   Code   RO         2482    i.TIM_SetCompare1   stm32f10x_tim.o
    0x08001c50   0x08001c50   0x00000004   Code   RO         2483    i.TIM_SetCompare2   stm32f10x_tim.o
    0x08001c54   0x08001c54   0x00000004   Code   RO         2484    i.TIM_SetCompare3   stm32f10x_tim.o
    0x08001c58   0x08001c58   0x00000006   Code   RO         2485    i.TIM_SetCompare4   stm32f10x_tim.o
    0x08001c5e   0x08001c5e   0x00000002   PAD
    0x08001c60   0x08001c60   0x000000a4   Code   RO         2492    i.TIM_TimeBaseInit  stm32f10x_tim.o
    0x08001d04   0x08001d04   0x00000084   Code   RO         3910    i.Timer_Init        timer.o
    0x08001d88   0x08001d88   0x0000000c   Code   RO         3221    i.USART1_GetRxData  usart1.o
    0x08001d94   0x08001d94   0x0000001c   Code   RO         3222    i.USART1_GetRxFlag  usart1.o
    0x08001db0   0x08001db0   0x00000038   Code   RO         3223    i.USART1_IRQHandler  usart1.o
    0x08001de8   0x08001de8   0x000000b0   Code   RO         3224    i.USART1_Init       usart1.o
    0x08001e98   0x08001e98   0x00000038   Code   RO         3310    i.USART2_IRQHandler  usart2.o
    0x08001ed0   0x08001ed0   0x000000b0   Code   RO         3311    i.USART2_Init       usart2.o
    0x08001f80   0x08001f80   0x0000002c   Code   RO         3312    i.USART2_SendString  usart2.o
    0x08001fac   0x08001fac   0x0000000c   Code   RO         3354    i.USART3_GetRxData  usart3.o
    0x08001fb8   0x08001fb8   0x0000001c   Code   RO         3355    i.USART3_GetRxFlag  usart3.o
    0x08001fd4   0x08001fd4   0x00000038   Code   RO         3356    i.USART3_IRQHandler  usart3.o
    0x0800200c   0x0800200c   0x000000b4   Code   RO         3357    i.USART3_Init       usart3.o
    0x080020c0   0x080020c0   0x0000001e   Code   RO         2957    i.USART_ClearITPendingBit  stm32f10x_usart.o
    0x080020de   0x080020de   0x00000018   Code   RO         2960    i.USART_Cmd         stm32f10x_usart.o
    0x080020f6   0x080020f6   0x00000054   Code   RO         2964    i.USART_GetITStatus  stm32f10x_usart.o
    0x0800214a   0x0800214a   0x0000004a   Code   RO         2966    i.USART_ITConfig    stm32f10x_usart.o
    0x08002194   0x08002194   0x000000d8   Code   RO         2967    i.USART_Init        stm32f10x_usart.o
    0x0800226c   0x0800226c   0x0000000a   Code   RO         2974    i.USART_ReceiveData  stm32f10x_usart.o
    0x08002276   0x08002276   0x00000002   PAD
    0x08002278   0x08002278   0x00000054   Code   RO         3929    i.UltrasonicWave_Getvalue  ultrasonicwave.o
    0x080022cc   0x080022cc   0x0000004c   Code   RO         3930    i.UltrasonicWave_Init  ultrasonicwave.o
    0x08002318   0x08002318   0x00000024   Code   RO         3931    i.UltrasonicWave_Start  ultrasonicwave.o
    0x0800233c   0x0800233c   0x00000004   Code   RO         4398    i.UsageFault_Handler  stm32f10x_it.o
    0x08002340   0x08002340   0x00000028   Code   RO         4712    i.__0sprintf        mc_w.l(printfa.o)
    0x08002368   0x08002368   0x0000000e   Code   RO         4852    i.__scatterload_copy  mc_w.l(handlers.o)
    0x08002376   0x08002376   0x00000002   Code   RO         4853    i.__scatterload_null  mc_w.l(handlers.o)
    0x08002378   0x08002378   0x0000000e   Code   RO         4854    i.__scatterload_zeroinit  mc_w.l(handlers.o)
    0x08002386   0x08002386   0x00000002   PAD
    0x08002388   0x08002388   0x00000184   Code   RO         4717    i._fp_digits        mc_w.l(printfa.o)
    0x0800250c   0x0800250c   0x000006dc   Code   RO         4718    i._printf_core      mc_w.l(printfa.o)
    0x08002be8   0x08002be8   0x00000024   Code   RO         4719    i._printf_post_padding  mc_w.l(printfa.o)
    0x08002c0c   0x08002c0c   0x0000002e   Code   RO         4720    i._printf_pre_padding  mc_w.l(printfa.o)
    0x08002c3a   0x08002c3a   0x0000000a   Code   RO         4722    i._sputc            mc_w.l(printfa.o)
    0x08002c44   0x08002c44   0x00000014   Code   RO         3969    i.hongwai_get_1     hongwai.o
    0x08002c58   0x08002c58   0x00000010   Code   RO         3970    i.hongwai_get_2     hongwai.o
    0x08002c68   0x08002c68   0x00000014   Code   RO         3971    i.hongwai_get_3     hongwai.o
    0x08002c7c   0x08002c7c   0x00000010   Code   RO         3972    i.hongwai_get_4     hongwai.o
    0x08002c8c   0x08002c8c   0x00000050   Code   RO         3973    i.hongwai_init      hongwai.o
    0x08002cdc   0x08002cdc   0x0000010c   Code   RO         3777    i.lan_yao           movement.o
    0x08002de8   0x08002de8   0x00000354   Code   RO         4045    i.main              main.o
    0x0800313c   0x0800313c   0x00000074   Code   RO         4192    i.mode_behind       mode.o
    0x080031b0   0x080031b0   0x00000184   Code   RO         4193    i.mode_biaobai      mode.o
    0x08003334   0x08003334   0x0000004c   Code   RO         4194    i.mode_dance        mode.o
    0x08003380   0x08003380   0x00000074   Code   RO         4195    i.mode_forward      mode.o
    0x080033f4   0x080033f4   0x000000d8   Code   RO         4196    i.mode_happiness    mode.o
    0x080034cc   0x080034cc   0x00000060   Code   RO         4197    i.mode_headup       mode.o
    0x0800352c   0x0800352c   0x00000178   Code   RO         4198    i.mode_hello        mode.o
    0x080036a4   0x080036a4   0x000000f8   Code   RO         4199    i.mode_index        mode.o
    0x0800379c   0x0800379c   0x00000080   Code   RO         4200    i.mode_lanyao       mode.o
    0x0800381c   0x0800381c   0x00000074   Code   RO         4201    i.mode_left         mode.o
    0x08003890   0x08003890   0x00000034   Code   RO         4202    i.mode_nanshou      mode.o
    0x080038c4   0x080038c4   0x00000074   Code   RO         4203    i.mode_right        mode.o
    0x08003938   0x08003938   0x000000a0   Code   RO         4204    i.mode_sleeppa      mode.o
    0x080039d8   0x080039d8   0x000000a4   Code   RO         4205    i.mode_sleepwo      mode.o
    0x08003a7c   0x08003a7c   0x00000048   Code   RO         4206    i.mode_slowstand    mode.o
    0x08003ac4   0x08003ac4   0x000000d8   Code   RO         4207    i.mode_stamina      mode.o
    0x08003b9c   0x08003b9c   0x00000068   Code   RO         4208    i.mode_stand        mode.o
    0x08003c04   0x08003c04   0x00000084   Code   RO         4209    i.mode_strech       mode.o
    0x08003c88   0x08003c88   0x0000004c   Code   RO         4210    i.mode_swing_qianhou  mode.o
    0x08003cd4   0x08003cd4   0x0000004c   Code   RO         4211    i.mode_swing_zuoyou  mode.o
    0x08003d20   0x08003d20   0x00000058   Code   RO         4212    i.mode_twohands     mode.o
    0x08003d78   0x08003d78   0x00000068   Code   RO         4213    i.mode_world        mode.o
    0x08003de0   0x08003de0   0x00000034   Code   RO         4214    i.mode_xiaodai      mode.o
    0x08003e14   0x08003e14   0x00000138   Code   RO         4215    i.mode_xiaoxun      mode.o
    0x08003f4c   0x08003f4c   0x00000168   Code   RO         4216    i.mode_yuansu       mode.o
    0x080040b4   0x080040b4   0x000000b4   Code   RO         3779    i.move_behind       movement.o
    0x08004168   0x08004168   0x0000012c   Code   RO         3780    i.move_dance        movement.o
    0x08004294   0x08004294   0x000000b4   Code   RO         3781    i.move_forward      movement.o
    0x08004348   0x08004348   0x00000090   Code   RO         3782    i.move_head_up      movement.o
    0x080043d8   0x080043d8   0x00000064   Code   RO         3784    i.move_left         movement.o
    0x0800443c   0x0800443c   0x0000005c   Code   RO         3785    i.move_left_hw      movement.o
    0x08004498   0x08004498   0x00000064   Code   RO         3786    i.move_right        movement.o
    0x080044fc   0x080044fc   0x0000005c   Code   RO         3787    i.move_right_hw     movement.o
    0x08004558   0x08004558   0x00000088   Code   RO         3788    i.move_shake_qianhou  movement.o
    0x080045e0   0x080045e0   0x000000b4   Code   RO         3789    i.move_shake_zuoyou  movement.o
    0x08004694   0x08004694   0x00000090   Code   RO         3790    i.move_sleep_p      movement.o
    0x08004724   0x08004724   0x00000090   Code   RO         3791    i.move_sleep_w      movement.o
    0x080047b4   0x080047b4   0x00000170   Code   RO         3792    i.move_slow_stand   movement.o
    0x08004924   0x08004924   0x00000028   Code   RO         3793    i.move_stand        movement.o
    0x0800494c   0x0800494c   0x00000124   Code   RO         3794    i.move_stretch      movement.o
    0x08004a70   0x08004a70   0x00000058   Code   RO         3795    i.move_two_hands    movement.o
    0x08004ac8   0x08004ac8   0x00003ee4   Data   RO         3666    .constdata          oled_data.o
    0x080089ac   0x080089ac   0x00000020   Data   RO         4850    Region$$Table       anon$$obj.o


    Execution Region RW_IRAM1 (Exec base: 0x20000000, Load base: 0x080089cc, Size: 0x00000860, Max: 0x00005000, ABSOLUTE)

    Exec Addr    Load Addr    Size         Type   Attr      Idx    E Section Name        Object

    0x20000000   0x080089cc   0x00000014   Data   RW         1805    .data               stm32f10x_rcc.o
    0x20000014   0x080089e0   0x00000002   Data   RW         3231    .data               usart1.o
    0x20000016   0x080089e2   0x00000002   Data   RW         3313    .data               usart2.o
    0x20000018   0x080089e4   0x00000002   Data   RW         3358    .data               usart3.o
    0x2000001a   0x080089e6   0x00000002   PAD
    0x2000001c   0x080089e8   0x00000010   Data   RW         3796    .data               movement.o
    0x2000002c   0x080089f8   0x00000006   Data   RW         3932    .data               ultrasonicwave.o
    0x20000032   0x080089fe   0x00000002   PAD
    0x20000034   0x08008a00   0x00000020   Data   RW         4046    .data               main.o
    0x20000054   0x08008a20   0x00000008   Data   RW         4217    .data               mode.o
    0x2000005c   0x08008a28   0x00000004   Data   RW         4467    .data               mc_w.l(rand.o)
    0x20000060        -       0x00000400   Zero   RW         3454    .bss                oled.o
    0x20000460        -       0x00000400   Zero   RW            1    STACK               startup_stm32f10x_md.o


==============================================================================

Image component sizes


      Code (inc. data)   RO Data    RW Data    ZI Data      Debug   Object Name

         0          0          0          0          0       4500   core_cm3.o
        94          0          0          0          0       1612   delay.o
       300         40          0          0          0       3309   hongwai.o
        96         10          0          0          0       1040   led.o
       852         76          0         32          0       1818   main.o
       132         22          0          0          0     205103   misc.o
      4136       1224          0          8          0      15860   mode.o
      2848        212          0         16          0      10621   movement.o
      1538         56          0          0       1024      13228   oled.o
         0          0      16100          0          0       1787   oled_data.o
       280         38          0          0          0       2947   pwm.o
       376         64          0          0          0       4933   servo.o
        36          8        236          0       1024        852   startup_stm32f10x_md.o
         0          0          0          0          0       1728   stm32f10x_adc.o
       332          0          0          0          0      13489   stm32f10x_gpio.o
        26          0          0          0          0       4378   stm32f10x_it.o
       276         32          0         20          0      13402   stm32f10x_rcc.o
       928         92          0          0          0      33379   stm32f10x_tim.o
       438          6          0          0          0      11944   stm32f10x_usart.o
       122          0          0          0          0       1296   syn6288.o
       328         28          0          0          0      45781   system_stm32f10x.o
       188         14          0          0          0       1151   timer.o
       304         36          0          6          0       2639   ultrasonicwave.o
       272         32          0          2          0       2626   usart1.o
       276         26          0          2          0       2632   usart2.o
       276         34          0          2          0       2626   usart3.o

    ----------------------------------------------------------------------
     14468       2050      16368         92       2048     404681   Object Totals
         0          0         32          0          0          0   (incl. Generated)
        14          0          0          4          0          0   (incl. Padding)

    ----------------------------------------------------------------------

      Code (inc. data)   RO Data    RW Data    ZI Data      Debug   Library Member Name

         0          0          0          0          0          0   entry.o
         0          0          0          0          0          0   entry10a.o
         0          0          0          0          0          0   entry11a.o
         8          4          0          0          0          0   entry2.o
         4          0          0          0          0          0   entry5.o
         0          0          0          0          0          0   entry7b.o
         0          0          0          0          0          0   entry8b.o
         8          4          0          0          0          0   entry9a.o
        30          0          0          0          0          0   handlers.o
        36          8          0          0          0         68   init.o
         0          0          0          0          0          0   iusefp.o
        30          0          0          0          0         68   llshl.o
        36          0          0          0          0         68   llsshr.o
        32          0          0          0          0         68   llushr.o
        36          0          0          0          0         68   memcpya.o
      2276         86          0          0          0        520   printfa.o
        36         10          0          4          0        136   rand.o
        28          0          0          0          0         76   strcmp.o
        14          0          0          0          0         68   strlen.o
        44          0          0          0          0         80   uidiv.o
        98          0          0          0          0         92   uldiv.o
        48          0          0          0          0         68   cdrcmple.o
       334          0          0          0          0        148   dadd.o
       222          0          0          0          0        100   ddiv.o
       186          0          0          0          0        176   depilogue.o
        50          0          0          0          0         76   dfixui.o
        48          0          0          0          0         68   dfixul.o
        26          0          0          0          0         76   dfltui.o
       228          0          0          0          0         96   dmul.o
       176          0          0          0          0        140   fadd.o
       124          0          0          0          0         88   fdiv.o
       110          0          0          0          0        168   fepilogue.o
        40          0          0          0          0         68   ffixui.o
        18          0          0          0          0         68   fflti.o
        10          0          0          0          0         68   ffltui.o
       100          0          0          0          0         76   fmul.o

    ----------------------------------------------------------------------
      4440        112          0          4          0       2796   Library Totals
         4          0          0          0          0          0   (incl. Padding)

    ----------------------------------------------------------------------

      Code (inc. data)   RO Data    RW Data    ZI Data      Debug   Library Name

      2716        112          0          4          0       1312   mc_w.l
      1720          0          0          0          0       1484   mf_w.l

    ----------------------------------------------------------------------
      4440        112          0          4          0       2796   Library Totals

    ----------------------------------------------------------------------

==============================================================================


      Code (inc. data)   RO Data    RW Data    ZI Data      Debug   

     18908       2162      16368         96       2048     398217   Grand Totals
     18908       2162      16368         96       2048     398217   ELF Image Totals
     18908       2162      16368         96          0          0   ROM Totals

==============================================================================

    Total RO  Size (Code + RO Data)                35276 (  34.45kB)
    Total RW  Size (RW Data + ZI Data)              2144 (   2.09kB)
    Total ROM Size (Code + RO Data + RW Data)      35372 (  34.54kB)

==============================================================================

